Archive member included because of file (symbol)

c:/altera/13.0sp1/nios2eds/bin/gnu/h-i686-mingw32/bin/../lib/gcc/nios2-elf/4.1.2/../../../../nios2-elf/lib/mno-hw-mul\libc.a(lib_a-printf.o)
                              obj/default/main.o (printf)
c:/altera/13.0sp1/nios2eds/bin/gnu/h-i686-mingw32/bin/../lib/gcc/nios2-elf/4.1.2/../../../../nios2-elf/lib/mno-hw-mul\libc.a(lib_a-puts.o)
                              obj/default/main.o (puts)
c:/altera/13.0sp1/nios2eds/bin/gnu/h-i686-mingw32/bin/../lib/gcc/nios2-elf/4.1.2/../../../../nios2-elf/lib/mno-hw-mul\libc.a(lib_a-strlen.o)
                              c:/altera/13.0sp1/nios2eds/bin/gnu/h-i686-mingw32/bin/../lib/gcc/nios2-elf/4.1.2/../../../../nios2-elf/lib/mno-hw-mul\libc.a(lib_a-puts.o) (strlen)
c:/altera/13.0sp1/nios2eds/bin/gnu/h-i686-mingw32/bin/../lib/gcc/nios2-elf/4.1.2/../../../../nios2-elf/lib/mno-hw-mul\libc.a(lib_a-vfprintf.o)
                              c:/altera/13.0sp1/nios2eds/bin/gnu/h-i686-mingw32/bin/../lib/gcc/nios2-elf/4.1.2/../../../../nios2-elf/lib/mno-hw-mul\libc.a(lib_a-printf.o) (___vfprintf_internal_r)
c:/altera/13.0sp1/nios2eds/bin/gnu/h-i686-mingw32/bin/../lib/gcc/nios2-elf/4.1.2/../../../../nios2-elf/lib/mno-hw-mul\libc.a(lib_a-wsetup.o)
                              c:/altera/13.0sp1/nios2eds/bin/gnu/h-i686-mingw32/bin/../lib/gcc/nios2-elf/4.1.2/../../../../nios2-elf/lib/mno-hw-mul\libc.a(lib_a-vfprintf.o) (__swsetup_r)
c:/altera/13.0sp1/nios2eds/bin/gnu/h-i686-mingw32/bin/../lib/gcc/nios2-elf/4.1.2/../../../../nios2-elf/lib/mno-hw-mul\libc.a(lib_a-dtoa.o)
                              c:/altera/13.0sp1/nios2eds/bin/gnu/h-i686-mingw32/bin/../lib/gcc/nios2-elf/4.1.2/../../../../nios2-elf/lib/mno-hw-mul\libc.a(lib_a-vfprintf.o) (_dtoa_r)
c:/altera/13.0sp1/nios2eds/bin/gnu/h-i686-mingw32/bin/../lib/gcc/nios2-elf/4.1.2/../../../../nios2-elf/lib/mno-hw-mul\libc.a(lib_a-fflush.o)
                              c:/altera/13.0sp1/nios2eds/bin/gnu/h-i686-mingw32/bin/../lib/gcc/nios2-elf/4.1.2/../../../../nios2-elf/lib/mno-hw-mul\libc.a(lib_a-vfprintf.o) (_fflush_r)
c:/altera/13.0sp1/nios2eds/bin/gnu/h-i686-mingw32/bin/../lib/gcc/nios2-elf/4.1.2/../../../../nios2-elf/lib/mno-hw-mul\libc.a(lib_a-findfp.o)
                              c:/altera/13.0sp1/nios2eds/bin/gnu/h-i686-mingw32/bin/../lib/gcc/nios2-elf/4.1.2/../../../../nios2-elf/lib/mno-hw-mul\libc.a(lib_a-vfprintf.o) (__sinit)
c:/altera/13.0sp1/nios2eds/bin/gnu/h-i686-mingw32/bin/../lib/gcc/nios2-elf/4.1.2/../../../../nios2-elf/lib/mno-hw-mul\libc.a(lib_a-freer.o)
                              c:/altera/13.0sp1/nios2eds/bin/gnu/h-i686-mingw32/bin/../lib/gcc/nios2-elf/4.1.2/../../../../nios2-elf/lib/mno-hw-mul\libc.a(lib_a-wsetup.o) (_free_r)
c:/altera/13.0sp1/nios2eds/bin/gnu/h-i686-mingw32/bin/../lib/gcc/nios2-elf/4.1.2/../../../../nios2-elf/lib/mno-hw-mul\libc.a(lib_a-fvwrite.o)
                              c:/altera/13.0sp1/nios2eds/bin/gnu/h-i686-mingw32/bin/../lib/gcc/nios2-elf/4.1.2/../../../../nios2-elf/lib/mno-hw-mul\libc.a(lib_a-puts.o) (__sfvwrite_r)
c:/altera/13.0sp1/nios2eds/bin/gnu/h-i686-mingw32/bin/../lib/gcc/nios2-elf/4.1.2/../../../../nios2-elf/lib/mno-hw-mul\libc.a(lib_a-fwalk.o)
                              c:/altera/13.0sp1/nios2eds/bin/gnu/h-i686-mingw32/bin/../lib/gcc/nios2-elf/4.1.2/../../../../nios2-elf/lib/mno-hw-mul\libc.a(lib_a-fflush.o) (_fwalk_reent)
c:/altera/13.0sp1/nios2eds/bin/gnu/h-i686-mingw32/bin/../lib/gcc/nios2-elf/4.1.2/../../../../nios2-elf/lib/mno-hw-mul\libc.a(lib_a-impure.o)
                              c:/altera/13.0sp1/nios2eds/bin/gnu/h-i686-mingw32/bin/../lib/gcc/nios2-elf/4.1.2/../../../../nios2-elf/lib/mno-hw-mul\libc.a(lib_a-printf.o) (_impure_ptr)
c:/altera/13.0sp1/nios2eds/bin/gnu/h-i686-mingw32/bin/../lib/gcc/nios2-elf/4.1.2/../../../../nios2-elf/lib/mno-hw-mul\libc.a(lib_a-locale.o)
                              c:/altera/13.0sp1/nios2eds/bin/gnu/h-i686-mingw32/bin/../lib/gcc/nios2-elf/4.1.2/../../../../nios2-elf/lib/mno-hw-mul\libc.a(lib_a-vfprintf.o) (_localeconv_r)
c:/altera/13.0sp1/nios2eds/bin/gnu/h-i686-mingw32/bin/../lib/gcc/nios2-elf/4.1.2/../../../../nios2-elf/lib/mno-hw-mul\libc.a(lib_a-makebuf.o)
                              c:/altera/13.0sp1/nios2eds/bin/gnu/h-i686-mingw32/bin/../lib/gcc/nios2-elf/4.1.2/../../../../nios2-elf/lib/mno-hw-mul\libc.a(lib_a-wsetup.o) (__smakebuf_r)
c:/altera/13.0sp1/nios2eds/bin/gnu/h-i686-mingw32/bin/../lib/gcc/nios2-elf/4.1.2/../../../../nios2-elf/lib/mno-hw-mul\libc.a(lib_a-mallocr.o)
                              c:/altera/13.0sp1/nios2eds/bin/gnu/h-i686-mingw32/bin/../lib/gcc/nios2-elf/4.1.2/../../../../nios2-elf/lib/mno-hw-mul\libc.a(lib_a-findfp.o) (_malloc_r)
c:/altera/13.0sp1/nios2eds/bin/gnu/h-i686-mingw32/bin/../lib/gcc/nios2-elf/4.1.2/../../../../nios2-elf/lib/mno-hw-mul\libc.a(lib_a-memchr.o)
[...]
Memory Configuration

Name             Origin             Length             Attributes
reset            0x00800000         0x00000020
sdram_controller_0 0x00800020         0x007fffe0
*default*        0x00000000         0xffffffff

Linker script and memory map

LOAD ../final_project_1_bsp//obj/HAL/src/crt0.o
LOAD obj/default/main.o
LOAD c:/altera/13.0sp1/nios2eds/bin/gnu/h-i686-mingw32/bin/../lib/gcc/nios2-elf/4.1.2/../../../../nios2-elf/lib/mno-hw-mul\libstdc++.a
LOAD c:/altera/13.0sp1/nios2eds/bin/gnu/h-i686-mingw32/bin/../lib/gcc/nios2-elf/4.1.2/../../../../nios2-elf/lib/mno-hw-mul\libm.a
LOAD c:/altera/13.0sp1/nios2eds/bin/gnu/h-i686-mingw32/bin/../lib/gcc/nios2-elf/4.1.2/mno-hw-mul\libgcc.a
START GROUP
LOAD c:/altera/13.0sp1/nios2eds/bin/gnu/h-i686-mingw32/bin/../lib/gcc/nios2-elf/4.1.2/../../../../nios2-elf/lib/mno-hw-mul\libc.a
LOAD c:/altera/13.0sp1/nios2eds/bin/gnu/h-i686-mingw32/bin/../lib/gcc/nios2-elf/4.1.2/mno-hw-mul\libgcc.a
LOAD ../final_project_1_bsp/\libhal_bsp.a
END GROUP
LOAD c:/altera/13.0sp1/nios2eds/bin/gnu/h-i686-mingw32/bin/../lib/gcc/nios2-elf/4.1.2/mno-hw-mul\libgcc.a
                0x00800000                __alt_mem_sdram_controller_0 = 0x800000

.entry          0x00800000       0x20
 *(.entry)
 .entry         0x00800000       0x20 ../final_project_1_bsp//obj/HAL/src/crt0.o
                0x00800000                __reset

.exceptions     0x00800020      0x194
                0x00800020                PROVIDE (__ram_exceptions_start, ABSOLUTE (.))
                0x00800020                . = ALIGN (0x20)
 *(.irq)
 *(.exceptions.entry.label)
 .exceptions.entry.label
                0x00800020        0x0 ../final_project_1_bsp/\libhal_bsp.a(alt_irq_entry.o)
                0x00800020                alt_irq_entry
 .exceptions.entry.label
                0x00800020        0x0 ../final_project_1_bsp/\libhal_bsp.a(alt_exception_entry.o)
                0x00800020                alt_exception
 *(.exceptions.entry.user)
 *(.exceptions.entry)
 .exceptions.entry
                0x00800020       0x54 ../final_project_1_bsp/\libhal_bsp.a(alt_exception_entry.o)
 *(.exceptions.irqtest.user)
 *(.exceptions.irqtest)
 .exceptions.irqtest
                0x00800074       0x10 ../final_project_1_bsp/\libhal_bsp.a(alt_irq_entry.o)
 *(.exceptions.irqhandler.user)
 *(.exceptions.irqhandler)
 .exceptions.irqhandler
                0x00800084        0x4 ../final_project_1_bsp/\libhal_bsp.a(alt_irq_entry.o)
 *(.exceptions.irqreturn.user)
 *(.exceptions.irqreturn)
 .exceptions.irqreturn
                0x00800088        0x4 ../final_project_1_bsp/\libhal_bsp.a(alt_irq_entry.o)
 *(.exceptions.notirq.label)
 .exceptions.notirq.label
                0x0080008c        0x0 ../final_project_1_bsp/\libhal_bsp.a(alt_irq_entry.o)
 *(.exceptions.notirq.user)
 *(.exceptions.notirq)
 .exceptions.notirq
                0x0080008c        0x8 ../final_project_1_bsp/\libhal_bsp.a(alt_exception_entry.o)
 *(.exceptions.soft.user)
 *(.exceptions.soft)
 *(.exceptions.unknown.user)
 *(.exceptions.unknown)
 .exceptions.unknown
                0x00800094        0x4 ../final_project_1_bsp/\libhal_bsp.a(alt_exception_entry.o)
 *(.exceptions.exit.label)
 .exceptions.exit.label
                0x00800098        0x0 ../final_project_1_bsp/\libhal_bsp.a(alt_irq_entry.o)
 .exceptions.exit.label
                0x00800098        0x0 ../final_project_1_bsp/\libhal_bsp.a(alt_exception_entry.o)
 *(.exceptions.exit.user)
 *(.exceptions.exit)
 .exceptions.exit
                0x00800098       0x54 ../final_project_1_bsp/\libhal_bsp.a(alt_exception_entry.o)
 *(.exceptions)
 .exceptions    0x008000ec       0xc8 ../final_project_1_bsp/\libhal_bsp.a(alt_irq_handler.o)
                0x008000ec                alt_irq_handler
                0x008001b4                PROVIDE (__ram_exceptions_end, ABSOLUTE (.))
                0x00800020                PROVIDE (__flash_exceptions_start, LOADADDR (.exceptions))

.text           0x008001b4     0xd6ac
                0x008001b4                PROVIDE (stext, ABSOLUTE (.))
 *(.interp)
 *(.hash)
 *(.dynsym)
 *(.dynstr)
 *(.gnu.version)
 *(.gnu.version_d)
 *(.gnu.version_r)
 *(.rel.init)
 *(.rela.init)
 *(.rel.text .rel.text.* .rel.gnu.linkonce.t.*)
 *(.rela.text .rela.text.* .rela.gnu.linkonce.t.*)
 *(.rel.fini)
 *(.rela.fini)
 *(.rel.rodata .rel.rodata.* .rel.gnu.linkonce.r.*)
 *(.rela.rodata .rela.rodata.* .rela.gnu.linkonce.r.*)
 *(.rel.data .rel.data.* .rel.gnu.linkonce.d.*)
 *(.rela.data .rela.data.* .rela.gnu.linkonce.d.*)
 *(.rel.tdata .rel.tdata.* .rel.gnu.linkonce.td.*)
 *(.rela.tdata .rela.tdata.* .rela.gnu.linkonce.td.*)
 *(.rel.tbss .rel.tbss.* .rel.gnu.linkonce.tb.*)
 *(.rela.tbss .rela.tbss.* .rela.gnu.linkonce.tb.*)
 *(.rel.ctors)
 *(.rela.ctors)
 *(.rel.dtors)
 *(.rela.dtors)
 *(.rel.got)
 *(.rela.got)
 *(.rel.sdata .rel.sdata.* .rel.gnu.linkonce.s.*)
 *(.rela.sdata .rela.sdata.* .rela.gnu.linkonce.s.*)
 *(.rel.sbss .rel.sbss.* .rel.gnu.linkonce.sb.*)
 *(.rela.sbss .rela.sbss.* .rela.gnu.linkonce.sb.*)
 *(.rel.sdata2 .rel.sdata2.* .rel.gnu.linkonce.s2.*)
 *(.rela.sdata2 .rela.sdata2.* .rela.gnu.linkonce.s2.*)
 *(.rel.sbss2 .rel.sbss2.* .rel.gnu.linkonce.sb2.*)
 *(.rela.sbss2 .rela.sbss2.* .rela.gnu.linkonce.sb2.*)
 *(.rel.bss .rel.bss.* .rel.gnu.linkonce.b.*)
 *(.rela.bss .rela.bss.* .rela.gnu.linkonce.b.*)
 *(.rel.plt)
 *(.rela.plt)
 *(.rel.dyn)
 *(.init)
 *(.plt)
 *(.text .stub .text.* .gnu.linkonce.t.*)
 .text          0x008001b4       0x3c ../final_project_1_bsp//obj/HAL/src/crt0.o
                0x008001b4                _start
 .text          0x008001f0       0x4c obj/default/main.o
                0x008001f0                main
 .text          0x0080023c       0x78 c:/altera/13.0sp1/nios2eds/bin/gnu/h-i686-mingw32/bin/../lib/gcc/nios2-elf/4.1.2/../../../../nios2-elf/lib/mno-hw-mul\libc.a(lib_a-printf.o)
                0x0080023c                printf
                0x00800280                _printf_r
 .text          0x008002b4       0xb4 c:/altera/13.0sp1/nios2eds/bin/gnu/h-i686-mingw32/bin/../lib/gcc/nios2-elf/4.1.2/../../../../nios2-elf/lib/mno-hw-mul\libc.a(lib_a-puts.o)
                0x008002b4                _puts_r
                0x00800354                puts
 .text          0x00800368       0x74 c:/altera/13.0sp1/nios2eds/bin/gnu/h-i686-mingw32/bin/../lib/gcc/nios2-elf/4.1.2/../../../../nios2-elf/lib/mno-hw-mul\libc.a(lib_a-strlen.o)
                0x00800368                strlen
 .text          0x008003dc     0x1f40 c:/altera/13.0sp1/nios2eds/bin/gnu/h-i686-mingw32/bin/../lib/gcc/nios2-elf/4.1.2/../../../../nios2-elf/lib/mno-hw-mul\libc.a(lib_a-vfprintf.o)
                0x00800434                ___vfprintf_internal_r
                0x008022f8                __vfprintf_internal
 .text          0x0080231c      0x13c c:/altera/13.0sp1/nios2eds/bin/gnu/h-i686-mingw32/bin/../lib/gcc/nios2-elf/4.1.2/../../../../nios2-elf/lib/mno-hw-mul\libc.a(lib_a-wsetup.o)
                0x0080231c                __swsetup_r
 .text          0x00802458     0x17f8 c:/altera/13.0sp1/nios2eds/bin/gnu/h-i686-mingw32/bin/../lib/gcc/nios2-elf/4.1.2/../../../../nios2-elf/lib/mno-hw-mul\libc.a(lib_a-dtoa.o)
                0x0080269c                _dtoa_r
 .text          0x00803c50      0x230 c:/altera/13.0sp1/nios2eds/bin/gnu/h-i686-mingw32/bin/../lib/gcc/nios2-elf/4.1.2/../../../../nios2-elf/lib/mno-hw-mul\libc.a(lib_a-fflush.o)
                0x00803c50                _fflush_r
                0x00803e4c                fflush
 .text          0x00803e80      0x2f4 c:/altera/13.0sp1/nios2eds/bin/gnu/h-i686-mingw32/bin/../lib/gcc/nios2-elf/4.1.2/../../../../nios2-elf/lib/mno-hw-mul\libc.a(lib_a-findfp.o)
                0x00803ed8                __sfp_lock_acquire
                0x00803edc                __sfp_lock_release
                0x00803ee0                __sinit_lock_acquire
                0x00803ee4                __sinit_lock_release
                0x00803ee8                __sinit
                0x00803f9c                __fp_unlock_all
                0x00803fb4                __fp_lock_all
                0x00803fcc                _cleanup_r
                0x00803fd8                _cleanup
                0x00803fe8                __sfmoreglue
                0x00804084                __sfp
 .text          0x00804174      0x440 c:/altera/13.0sp1/nios2eds/bin/gnu/h-i686-mingw32/bin/../lib/gcc/nios2-elf/4.1.2/../../../../nios2-elf/lib/mno-hw-mul\libc.a(lib_a-freer.o)
                0x00804174                _malloc_trim_r
                0x008042a0                _free_r
 .text          0x008045b4      0x49c c:/altera/13.0sp1/nios2eds/bin/gnu/h-i686-mingw32/bin/../lib/gcc/nios2-elf/4.1.2/../../../../nios2-elf/lib/mno-hw-mul\libc.a(lib_a-fvwrite.o)
                0x008045b4                __sfvwrite_r
 .text          0x00804a50      0x180 c:/altera/13.0sp1/nios2eds/bin/gnu/h-i686-mingw32/bin/../lib/gcc/nios2-elf/4.1.2/../../../../nios2-elf/lib/mno-hw-mul\libc.a(lib_a-fwalk.o)
                0x00804a50                _fwalk_reent
                0x00804b18                _fwalk
 .text          0x00804bd0        0x0 c:/altera/13.0sp1/nios2eds/bin/gnu/h-i686-mingw32/bin/../lib/gcc/nios2-elf/4.1.2/../../../../nios2-elf/lib/mno-hw-mul\libc.a(lib_a-impure.o)
 .text          0x00804bd0       0xc4 c:/altera/13.0sp1/nios2eds/bin/gnu/h-i686-mingw32/bin/../lib/gcc/nios2-elf/4.1.2/../../../../nios2-elf/lib/mno-hw-mul\libc.a(lib_a-locale.o)
                0x00804bd0                __locale_charset
                0x00804bd8                _localeconv_r
                0x00804be4                localeconv
                0x00804bf4                _setlocale_r
                0x00804c78                setlocale
 .text          0x00804c94      0x194 c:/altera/13.0sp1/nios2eds/bin/gnu/h-i686-mingw32/bin/../lib/gcc/nios2-elf/4.1.2/../../../../nios2-elf/lib/mno-hw-mul\libc.a(lib_a-makebuf.o)
                0x00804c94                __smakebuf_r
 .text          0x00804e28      0x740 c:/altera/13.0sp1/nios2eds/bin/gnu/h-i686-mingw32/bin/../lib/gcc/nios2-elf/4.1.2/../../../../nios2-elf/lib/mno-hw-mul\libc.a(lib_a-mallocr.o)
                0x00804e28                _malloc_r
 .text          0x00805568       0xe4 c:/altera/13.0sp1/nios2eds/bin/gnu/h-i686-mingw32/bin/../lib/gcc/nios2-elf/4.1.2/../../../../nios2-elf/lib/mno-hw-mul\libc.a(lib_a-memchr.o)
                0x00805568                memchr
 .text          0x0080564c       0xa0 c:/altera/13.0sp1/nios2eds/bin/gnu/h-i686-mingw32/bin/../lib/gcc/nios2-elf/4.1.2/../../../../nios2-elf/lib/mno-hw-mul\libc.a(lib_a-memcpy.o)
                0x0080564c                memcpy
 .text          0x008056ec       0xe0 c:/altera/13.0sp1/nios2eds/bin/gnu/h-i686-mingw32/bin/../lib/gcc/nios2-elf/4.1.2/../../../../nios2-elf/lib/mno-hw-mul\libc.a(lib_a-memmove.o)
                0x008056ec                memmove
 .text          0x008057cc       0x98 c:/altera/13.0sp1/nios2eds/bin/gnu/h-i686-mingw32/bin/../lib/gcc/nios2-elf/4.1.2/../../../../nios2-elf/lib/mno-hw-mul\libc.a(lib_a-memset.o)
                0x008057cc                memset
 .text          0x00805864     0x108c c:/altera/13.0sp1/nios2eds/bin/gnu/h-i686-mingw32/bin/../lib/gcc/nios2-elf/4.1.2/../../../../nios2-elf/lib/mno-hw-mul\libc.a(lib_a-mprec.o)
                0x00805864                _Bfree
                0x0080588c                __hi0bits
                0x008058fc                __lo0bits
                0x008059c0                __mcmp
                0x00805a20                __ulp
                0x00805aa0                __b2d
                0x00805bc0                __ratio
                0x00805c70                _mprec_log10
                0x00805d04                __copybits
                0x00805d5c                __any_on
                0x00805de4                _Balloc
                0x00805ea0                __d2b
                0x0080601c                __mdiff
                0x008061a8                __lshift
                0x008062f4                __multiply
                0x00806548                __i2b
                0x00806584                __multadd
                0x008066b0                __pow5mult
                0x008067d0                __s2b
 .text          0x008068f0      0x5f4 c:/altera/13.0sp1/nios2eds/bin/gnu/h-i686-mingw32/bin/../lib/gcc/nios2-elf/4.1.2/../../../../nios2-elf/lib/mno-hw-mul\libc.a(lib_a-reallocr.o)
                0x008068f0                _realloc_r
 .text          0x00806ee4       0x40 c:/altera/13.0sp1/nios2eds/bin/gnu/h-i686-mingw32/bin/../lib/gcc/nios2-elf/4.1.2/../../../../nios2-elf/lib/mno-hw-mul\libc.a(lib_a-s_isinfd.o)
                0x00806ee4                __isinfd
 .text          0x00806f24       0x30 c:/altera/13.0sp1/nios2eds/bin/gnu/h-i686-mingw32/bin/../lib/gcc/nios2-elf/4.1.2/../../../../nios2-elf/lib/mno-hw-mul\libc.a(lib_a-s_isnand.o)
                0x00806f24                __isnand
 .text          0x00806f54       0x70 c:/altera/13.0sp1/nios2eds/bin/gnu/h-i686-mingw32/bin/../lib/gcc/nios2-elf/4.1.2/../../../../nios2-elf/lib/mno-hw-mul\libc.a(lib_a-sbrkr.o)
                0x00806f54                _sbrk_r
 .text          0x00806fc4      0x14c c:/altera/13.0sp1/nios2eds/bin/gnu/h-i686-mingw32/bin/../lib/gcc/nios2-elf/4.1.2/../../../../nios2-elf/lib/mno-hw-mul\libc.a(lib_a-stdio.o)
                0x00806fc4                __sclose
                0x00806fcc                __sseek
                0x00807034                __swrite
                0x008070b0                __sread
 .text          0x00807110       0xbc c:/altera/13.0sp1/nios2eds/bin/gnu/h-i686-mingw32/bin/../lib/gcc/nios2-elf/4.1.2/../../../../nios2-elf/lib/mno-hw-mul\libc.a(lib_a-strcmp.o)
                0x00807110                strcmp
 .text          0x008071cc       0x78 c:/altera/13.0sp1/nios2eds/bin/gnu/h-i686-mingw32/bin/../lib/gcc/nios2-elf/4.1.2/../../../../nios2-elf/lib/mno-hw-mul\libc.a(lib_a-writer.o)
                0x008071cc                _write_r
 .text          0x00807244       0xc8 c:/altera/13.0sp1/nios2eds/bin/gnu/h-i686-mingw32/bin/../lib/gcc/nios2-elf/4.1.2/../../../../nios2-elf/lib/mno-hw-mul\libc.a(lib_a-callocr.o)
                0x00807244                _calloc_r
 .text          0x0080730c       0x70 c:/altera/13.0sp1/nios2eds/bin/gnu/h-i686-mingw32/bin/../lib/gcc/nios2-elf/4.1.2/../../../../nios2-elf/lib/mno-hw-mul\libc.a(lib_a-closer.o)
                0x0080730c                _close_r
 .text          0x0080737c      0x124 c:/altera/13.0sp1/nios2eds/bin/gnu/h-i686-mingw32/bin/../lib/gcc/nios2-elf/4.1.2/../../../../nios2-elf/lib/mno-hw-mul\libc.a(lib_a-fclose.o)
                0x0080737c                _fclose_r
                0x0080748c                fclose
 .text          0x008074a0       0x74 c:/altera/13.0sp1/nios2eds/bin/gnu/h-i686-mingw32/bin/../lib/gcc/nios2-elf/4.1.2/../../../../nios2-elf/lib/mno-hw-mul\libc.a(lib_a-fstatr.o)
                0x008074a0                _fstat_r
 .text          0x00807514        0x0 c:/altera/13.0sp1/nios2eds/bin/gnu/h-i686-mingw32/bin/../lib/gcc/nios2-elf/4.1.2/../../../../nios2-elf/lib/mno-hw-mul\libc.a(lib_a-int_errno.o)
 .text          0x00807514       0x70 c:/altera/13.0sp1/nios2eds/bin/gnu/h-i686-mingw32/bin/../lib/gcc/nios2-elf/4.1.2/../../../../nios2-elf/lib/mno-hw-mul\libc.a(lib_a-isattyr.o)
                0x00807514                _isatty_r
 .text          0x00807584       0x78 c:/altera/13.0sp1/nios2eds/bin/gnu/h-i686-mingw32/bin/../lib/gcc/nios2-elf/4.1.2/../../../../nios2-elf/lib/mno-hw-mul\libc.a(lib_a-lseekr.o)
                0x00807584                _lseek_r
 .text          0x008075fc       0x78 c:/altera/13.0sp1/nios2eds/bin/gnu/h-i686-mingw32/bin/../lib/gcc/nios2-elf/4.1.2/../../../../nios2-elf/lib/mno-hw-mul\libc.a(lib_a-readr.o)
                0x008075fc                _read_r
 .text          0x00807674      0x66c c:/altera/13.0sp1/nios2eds/bin/gnu/h-i686-mingw32/bin/../lib/gcc/nios2-elf/4.1.2/mno-hw-mul\libgcc.a(_udivdi3.o)
                0x00807674                __udivdi3
 .text          0x00807ce0      0x660 c:/altera/13.0sp1/nios2eds/bin/gnu/h-i686-mingw32/bin/../lib/gcc/nios2-elf/4.1.2/mno-hw-mul\libgcc.a(_umoddi3.o)
                0x00807ce0                __umoddi3
 .text          0x00808340      0x504 c:/altera/13.0sp1/nios2eds/bin/gnu/h-i686-mingw32/bin/../lib/gcc/nios2-elf/4.1.2/mno-hw-mul\libgcc.a(_addsub_df.o)
                0x00808750                __subdf3
                0x008087d0                __adddf3
 .text          0x00808844      0x3c4 c:/altera/13.0sp1/nios2eds/bin/gnu/h-i686-mingw32/bin/../lib/gcc/nios2-elf/4.1.2/mno-hw-mul\libgcc.a(_mul_df.o)
                0x00808844                __muldf3
 .text          0x00808c08      0x258 c:/altera/13.0sp1/nios2eds/bin/gnu/h-i686-mingw32/bin/../lib/gcc/nios2-elf/4.1.2/mno-hw-mul\libgcc.a(_div_df.o)
                0x00808c08                __divdf3
 .text          0x00808e60       0x88 c:/altera/13.0sp1/nios2eds/bin/gnu/h-i686-mingw32/bin/../lib/gcc/nios2-elf/4.1.2/mno-hw-mul\libgcc.a(_eq_df.o)
                0x00808e60                __eqdf2
 .text          0x00808ee8       0x88 c:/altera/13.0sp1/nios2eds/bin/gnu/h-i686-mingw32/bin/../lib/gcc/nios2-elf/4.1.2/mno-hw-mul\libgcc.a(_ne_df.o)
                0x00808ee8                __nedf2
 .text          0x00808f70       0x88 c:/altera/13.0sp1/nios2eds/bin/gnu/h-i686-mingw32/bin/../lib/gcc/nios2-elf/4.1.2/mno-hw-mul\libgcc.a(_gt_df.o)
                0x00808f70                __gtdf2
 .text          0x00808ff8       0x88 c:/altera/13.0sp1/nios2eds/bin/gnu/h-i686-mingw32/bin/../lib/gcc/nios2-elf/4.1.2/mno-hw-mul\libgcc.a(_ge_df.o)
                0x00808ff8                __gedf2
 .text          0x00809080       0x88 c:/altera/13.0sp1/nios2eds/bin/gnu/h-i686-mingw32/bin/../lib/gcc/nios2-elf/4.1.2/mno-hw-mul\libgcc.a(_lt_df.o)
                0x00809080                __ltdf2
 .text          0x00809108       0xf8 c:/altera/13.0sp1/nios2eds/bin/gnu/h-i686-mingw32/bin/../lib/gcc/nios2-elf/4.1.2/mno-hw-mul\libgcc.a(_si_to_df.o)
                0x00809108                __floatsidf
 .text          0x00809200       0xd8 c:/altera/13.0sp1/nios2eds/bin/gnu/h-i686-mingw32/bin/../lib/gcc/nios2-elf/4.1.2/mno-hw-mul\libgcc.a(_df_to_si.o)
                0x00809200                __fixdfsi
 .text          0x008092d8        0x0 c:/altera/13.0sp1/nios2eds/bin/gnu/h-i686-mingw32/bin/../lib/gcc/nios2-elf/4.1.2/mno-hw-mul\libgcc.a(_thenan_df.o)
 .text          0x008092d8      0x194 c:/altera/13.0sp1/nios2eds/bin/gnu/h-i686-mingw32/bin/../lib/gcc/nios2-elf/4.1.2/mno-hw-mul\libgcc.a(_usi_to_df.o)
                0x008092d8                __floatunsidf
 .text          0x0080946c      0x14c c:/altera/13.0sp1/nios2eds/bin/gnu/h-i686-mingw32/bin/../lib/gcc/nios2-elf/4.1.2/mno-hw-mul\libgcc.a(lib2-divmod.o)
                0x008094e8                __divsi3
                0x00809548                __modsi3
                0x008095a8                __udivsi3
                0x008095b0                __umodsi3
 .text          0x008095b8       0x38 c:/altera/13.0sp1/nios2eds/bin/gnu/h-i686-mingw32/bin/../lib/gcc/nios2-elf/4.1.2/mno-hw-mul\libgcc.a(lib2-mul.o)
                0x008095b8                __mulsi3
 .text          0x008095f0      0x124 c:/altera/13.0sp1/nios2eds/bin/gnu/h-i686-mingw32/bin/../lib/gcc/nios2-elf/4.1.2/mno-hw-mul\libgcc.a(_muldi3.o)
                0x008095f0                __muldi3
 .text          0x00809714        0x0 c:/altera/13.0sp1/nios2eds/bin/gnu/h-i686-mingw32/bin/../lib/gcc/nios2-elf/4.1.2/mno-hw-mul\libgcc.a(_clz.o)
 .text          0x00809714       0x80 c:/altera/13.0sp1/nios2eds/bin/gnu/h-i686-mingw32/bin/../lib/gcc/nios2-elf/4.1.2/mno-hw-mul\libgcc.a(_clzsi2.o)
                0x00809714                __clzsi2
 .text          0x00809794      0x314 c:/altera/13.0sp1/nios2eds/bin/gnu/h-i686-mingw32/bin/../lib/gcc/nios2-elf/4.1.2/mno-hw-mul\libgcc.a(_pack_df.o)
                0x00809794                __pack_d
 .text          0x00809aa8      0x138 c:/altera/13.0sp1/nios2eds/bin/gnu/h-i686-mingw32/bin/../lib/gcc/nios2-elf/4.1.2/mno-hw-mul\libgcc.a(_unpack_df.o)
                0x00809aa8                __unpack_d
 .text          0x00809be0       0xc8 c:/altera/13.0sp1/nios2eds/bin/gnu/h-i686-mingw32/bin/../lib/gcc/nios2-elf/4.1.2/mno-hw-mul\libgcc.a(_fpcmp_parts_df.o)
                0x00809be0                __fpcmp_parts_d
 .text          0x00809ca8      0x160 ../final_project_1_bsp/\libhal_bsp.a(alt_close.o)
                0x00809ca8                close
 .text          0x00809e08       0x2c ../final_project_1_bsp/\libhal_bsp.a(alt_dev.o)
 .text          0x00809e34        0x0 ../final_project_1_bsp/\libhal_bsp.a(alt_errno.o)
 .text          0x00809e34      0x138 ../final_project_1_bsp/\libhal_bsp.a(alt_fstat.o)
                0x00809e34                fstat
 .text          0x00809f6c      0x124 ../final_project_1_bsp/\libhal_bsp.a(alt_isatty.o)
                0x00809f6c                isatty
 .text          0x0080a090       0xec ../final_project_1_bsp/\libhal_bsp.a(alt_load.o)
                0x0080a090                alt_load
 .text          0x0080a17c      0x154 ../final_project_1_bsp/\libhal_bsp.a(alt_lseek.o)
                0x0080a17c                lseek
 .text          0x0080a2d0       0x6c ../final_project_1_bsp/\libhal_bsp.a(alt_main.o)
                0x0080a2d0                alt_main
 .text          0x0080a33c       0x40 ../final_project_1_bsp/\libhal_bsp.a(alt_malloc_lock.o)
                0x0080a33c                __malloc_lock
                0x0080a35c                __malloc_unlock
 .text          0x0080a37c      0x184 ../final_project_1_bsp/\libhal_bsp.a(alt_read.o)
                0x0080a37c                read
 .text          0x0080a500       0x78 ../final_project_1_bsp/\libhal_bsp.a(alt_release_fd.o)
                0x0080a500                alt_release_fd
 .text          0x0080a578       0xbc ../final_project_1_bsp/\libhal_bsp.a(alt_sbrk.o)
                0x0080a578                sbrk
 .text          0x0080a634      0x184 ../final_project_1_bsp/\libhal_bsp.a(alt_write.o)
                0x0080a634                write
 .text          0x0080a7b8       0xdc ../final_project_1_bsp/\libhal_bsp.a(alt_sys_init.o)
                0x0080a7b8                alt_irq_init
                0x0080a7ec                alt_sys_init
 .text          0x0080a894      0x148 ../final_project_1_bsp/\libhal_bsp.a(altera_avalon_jtag_uart_fd.o)
                0x0080a894                altera_avalon_jtag_uart_read_fd
                0x0080a8ec                altera_avalon_jtag_uart_write_fd
                0x0080a944                altera_avalon_jtag_uart_close_fd
                0x0080a98c                altera_avalon_jtag_uart_ioctl_fd
 .text          0x0080a9dc      0x40c ../final_project_1_bsp/\libhal_bsp.a(altera_avalon_jtag_uart_init.o)
                0x0080a9dc                altera_avalon_jtag_uart_init
                0x0080ad74                altera_avalon_jtag_uart_close
 .text          0x0080ade8       0xf4 ../final_project_1_bsp/\libhal_bsp.a(altera_avalon_jtag_uart_ioctl.o)
                0x0080ade8                altera_avalon_jtag_uart_ioctl
 .text          0x0080aedc      0x224 ../final_project_1_bsp/\libhal_bsp.a(altera_avalon_jtag_uart_read.o)
                0x0080aedc                altera_avalon_jtag_uart_read
 .text          0x0080b100      0x240 ../final_project_1_bsp/\libhal_bsp.a(altera_avalon_jtag_uart_write.o)
                0x0080b100                altera_avalon_jtag_uart_write
 .text          0x0080b340      0xf80 ../final_project_1_bsp/\libhal_bsp.a(altera_avalon_lcd_16207.o)
                0x0080bb7c                altera_avalon_lcd_16207_write
                0x0080c184                altera_avalon_lcd_16207_init
 .text          0x0080c2c0       0x58 ../final_project_1_bsp/\libhal_bsp.a(altera_avalon_lcd_16207_fd.o)
                0x0080c2c0                altera_avalon_lcd_16207_write_fd
 .text          0x0080c318      0x100 ../final_project_1_bsp/\libhal_bsp.a(altera_avalon_timer_sc.o)
                0x0080c388                alt_avalon_timer_sc_init
 .text          0x0080c418      0x154 ../final_project_1_bsp/\libhal_bsp.a(alt_alarm_start.o)
                0x0080c418                alt_alarm_start
 .text          0x0080c56c       0x1c ../final_project_1_bsp/\libhal_bsp.a(alt_dcache_flush_all.o)
                0x0080c56c                alt_dcache_flush_all
 .text          0x0080c588      0x114 ../final_project_1_bsp/\libhal_bsp.a(alt_dev_llist_insert.o)
                0x0080c588                alt_dev_llist_insert
 .text          0x0080c69c       0x64 ../final_project_1_bsp/\libhal_bsp.a(alt_do_ctors.o)
                0x0080c69c                _do_ctors
 .text          0x0080c700       0x64 ../final_project_1_bsp/\libhal_bsp.a(alt_do_dtors.o)
                0x0080c700                _do_dtors
 .text          0x0080c764       0x1c ../final_project_1_bsp/\libhal_bsp.a(alt_icache_flush_all.o)
                0x0080c764                alt_icache_flush_all
 .text          0x0080c780      0x1d4 ../final_project_1_bsp/\libhal_bsp.a(alt_iic.o)
                0x0080c780                alt_ic_isr_register
                0x0080c7d0                alt_ic_irq_enable
                0x0080c86c                alt_ic_irq_disable
                0x0080c90c                alt_ic_irq_enabled
 .text          0x0080c954       0xf8 ../final_project_1_bsp/\libhal_bsp.a(alt_iic_isr_register.o)
                0x0080c954                alt_iic_isr_register
 .text          0x0080ca4c      0x150 ../final_project_1_bsp/\libhal_bsp.a(alt_io_redirect.o)
                0x0080cb24                alt_io_redirect
 .text          0x0080cb9c        0x0 ../final_project_1_bsp/\libhal_bsp.a(alt_irq_entry.o)
 .text          0x0080cb9c        0x0 ../final_project_1_bsp/\libhal_bsp.a(alt_irq_handler.o)
 .text          0x0080cb9c        0x0 ../final_project_1_bsp/\libhal_bsp.a(alt_irq_vars.o)
 .text          0x0080cb9c      0x2e4 ../final_project_1_bsp/\libhal_bsp.a(alt_open.o)
                0x0080cc94                open
 .text          0x0080ce80      0x1a4 ../final_project_1_bsp/\libhal_bsp.a(alt_tick.o)
                0x0080ce80                alt_alarm_stop
                0x0080cf18                alt_tick
 .text          0x0080d024       0x30 ../final_project_1_bsp/\libhal_bsp.a(alt_usleep.o)
                0x0080d024                usleep
 .text          0x0080d054       0x20 ../final_project_1_bsp/\libhal_bsp.a(altera_nios2_qsys_irq.o)
                0x0080d054                altera_nios2_qsys_irq_init
 .text          0x0080d074      0x15c ../final_project_1_bsp/\libhal_bsp.a(alt_busy_sleep.o)
                0x0080d074                alt_busy_sleep
 .text          0x0080d1d0        0x0 ../final_project_1_bsp/\libhal_bsp.a(alt_exception_entry.o)
 .text          0x0080d1d0       0x94 ../final_project_1_bsp/\libhal_bsp.a(alt_find_dev.o)
                0x0080d1d0                alt_find_dev
 .text          0x0080d264      0x120 ../final_project_1_bsp/\libhal_bsp.a(alt_find_file.o)
                0x0080d264                alt_find_file
 .text          0x0080d384       0xd0 ../final_project_1_bsp/\libhal_bsp.a(alt_get_fd.o)
                0x0080d384                alt_get_fd
 .text          0x0080d454       0x14 c:/altera/13.0sp1/nios2eds/bin/gnu/h-i686-mingw32/bin/../lib/gcc/nios2-elf/4.1.2/../../../../nios2-elf/lib/mno-hw-mul\libc.a(lib_a-atexit.o)
                0x0080d454                atexit
 .text          0x0080d468        0x0 c:/altera/13.0sp1/nios2eds/bin/gnu/h-i686-mingw32/bin/../lib/gcc/nios2-elf/4.1.2/../../../../nios2-elf/lib/mno-hw-mul\libc.a(lib_a-ctype_.o)
 .text          0x0080d468       0x38 c:/altera/13.0sp1/nios2eds/bin/gnu/h-i686-mingw32/bin/../lib/gcc/nios2-elf/4.1.2/../../../../nios2-elf/lib/mno-hw-mul\libc.a(lib_a-exit.o)
                0x0080d468                exit
 .text          0x0080d4a0       0x74 c:/altera/13.0sp1/nios2eds/bin/gnu/h-i686-mingw32/bin/../lib/gcc/nios2-elf/4.1.2/../../../../nios2-elf/lib/mno-hw-mul\libc.a(lib_a-memcmp.o)
                0x0080d4a0                memcmp
 .text          0x0080d514      0x134 c:/altera/13.0sp1/nios2eds/bin/gnu/h-i686-mingw32/bin/../lib/gcc/nios2-elf/4.1.2/../../../../nios2-elf/lib/mno-hw-mul\libc.a(lib_a-__atexit.o)
                0x0080d514                __register_exitproc
 .text          0x0080d648      0x1b4 c:/altera/13.0sp1/nios2eds/bin/gnu/h-i686-mingw32/bin/../lib/gcc/nios2-elf/4.1.2/../../../../nios2-elf/lib/mno-hw-mul\libc.a(lib_a-__call_atexit.o)
                0x0080d64c                __call_exitprocs
 .text          0x0080d7fc       0x60 ../final_project_1_bsp/\libhal_bsp.a(alt_exit.o)
                0x0080d83c                _exit
 *(.gnu.warning.*)
 *(.fini)
                0x0080d85c                PROVIDE (__etext, ABSOLUTE (.))
                0x0080d85c                PROVIDE (_etext, ABSOLUTE (.))
                0x0080d85c                PROVIDE (etext, ABSOLUTE (.))
 *(.eh_frame_hdr)
                0x0080d85c                . = ALIGN (0x4)
                0x0080d85c                PROVIDE (__preinit_array_start, ABSOLUTE (.))
 *(.preinit_array)
                0x0080d85c                PROVIDE (__preinit_array_end, ABSOLUTE (.))
                0x0080d85c                PROVIDE (__init_array_start, ABSOLUTE (.))
 *(.init_array)
                0x0080d85c                PROVIDE (__init_array_end, ABSOLUTE (.))
                0x0080d85c                PROVIDE (__fini_array_start, ABSOLUTE (.))
 *(.fini_array)
                0x0080d85c                PROVIDE (__fini_array_end, ABSOLUTE (.))
 *(.eh_frame)
 *(.gcc_except_table)
 *(.dynamic)
                0x0080d85c                PROVIDE (__CTOR_LIST__, ABSOLUTE (.))
 *(.ctors)
 *(SORT(.ctors.*))
 .ctors.65535   0x0080d85c        0x4 c:/altera/13.0sp1/nios2eds/bin/gnu/h-i686-mingw32/bin/../lib/gcc/nios2-elf/4.1.2/../../../../nios2-elf/lib/mno-hw-mul\libc.a(lib_a-__call_atexit.o)
                0x0080d860                PROVIDE (__CTOR_END__, ABSOLUTE (.))
                0x0080d860                PROVIDE (__DTOR_LIST__, ABSOLUTE (.))
 *(.dtors)
 *(SORT(.dtors.*))
                0x0080d860                PROVIDE (__DTOR_END__, ABSOLUTE (.))
 *(.jcr)
                0x0080d860                . = ALIGN (0x4)

.rodata         0x0080d860      0x614
                0x0080d860                PROVIDE (__ram_rodata_start, ABSOLUTE (.))
                0x0080d860                . = ALIGN (0x4)
 *(.rodata .rodata.* .gnu.linkonce.r.*)
 .rodata        0x0080d860       0x40 obj/default/main.o
 .rodata.str1.4
                0x0080d8a0        0x2 c:/altera/13.0sp1/nios2eds/bin/gnu/h-i686-mingw32/bin/../lib/gcc/nios2-elf/4.1.2/../../../../nios2-elf/lib/mno-hw-mul\libc.a(lib_a-puts.o)
                                  0x4 (size before relaxing)
 *fill*         0x0080d8a2        0x2 00
 .rodata.str1.4
                0x0080d8a4       0x5e c:/altera/13.0sp1/nios2eds/bin/gnu/h-i686-mingw32/bin/../lib/gcc/nios2-elf/4.1.2/../../../../nios2-elf/lib/mno-hw-mul\libc.a(lib_a-vfprintf.o)
                                 0x60 (size before relaxing)
 .rodata        0x0080d902       0x20 c:/altera/13.0sp1/nios2eds/bin/gnu/h-i686-mingw32/bin/../lib/gcc/nios2-elf/4.1.2/../../../../nios2-elf/lib/mno-hw-mul\libc.a(lib_a-vfprintf.o)
 *fill*         0x0080d922        0x2 00
 .rodata.str1.4
                0x0080d924       0x10 c:/altera/13.0sp1/nios2eds/bin/gnu/h-i686-mingw32/bin/../lib/gcc/nios2-elf/4.1.2/../../../../nios2-elf/lib/mno-hw-mul\libc.a(lib_a-dtoa.o)
                                 0x14 (size before relaxing)
 .rodata.str1.4
                0x0080d934        0x2 c:/altera/13.0sp1/nios2eds/bin/gnu/h-i686-mingw32/bin/../lib/gcc/nios2-elf/4.1.2/../../../../nios2-elf/lib/mno-hw-mul\libc.a(lib_a-impure.o)
                                  0x4 (size before relaxing)
 *fill*         0x0080d936        0x2 00
 .rodata.str1.4
                0x0080d938       0x10 c:/altera/13.0sp1/nios2eds/bin/gnu/h-i686-mingw32/bin/../lib/gcc/nios2-elf/4.1.2/../../../../nios2-elf/lib/mno-hw-mul\libc.a(lib_a-locale.o)
                                 0x18 (size before relaxing)
 .rodata        0x0080d948       0x30 c:/altera/13.0sp1/nios2eds/bin/gnu/h-i686-mingw32/bin/../lib/gcc/nios2-elf/4.1.2/../../../../nios2-elf/lib/mno-hw-mul\libc.a(lib_a-locale.o)
 .rodata        0x0080d978      0x124 c:/altera/13.0sp1/nios2eds/bin/gnu/h-i686-mingw32/bin/../lib/gcc/nios2-elf/4.1.2/../../../../nios2-elf/lib/mno-hw-mul\libc.a(lib_a-mprec.o)
                0x0080d978                __mprec_tens
                0x0080da40                __mprec_bigtens
                0x0080da68                __mprec_tinytens
 .rodata        0x0080da9c       0x14 c:/altera/13.0sp1/nios2eds/bin/gnu/h-i686-mingw32/bin/../lib/gcc/nios2-elf/4.1.2/mno-hw-mul\libgcc.a(_thenan_df.o)
                0x0080da9c                __thenan_df
 .rodata        0x0080dab0      0x100 c:/altera/13.0sp1/nios2eds/bin/gnu/h-i686-mingw32/bin/../lib/gcc/nios2-elf/4.1.2/mno-hw-mul\libgcc.a(_clz.o)
                0x0080dab0                __clz_tab
 .rodata        0x0080dbb0        0xc ../final_project_1_bsp/\libhal_bsp.a(alt_dev.o)
 .rodata        0x0080dbbc       0x10 ../final_project_1_bsp/\libhal_bsp.a(alt_main.o)
 .rodata        0x0080dbcc       0x24 ../final_project_1_bsp/\libhal_bsp.a(alt_sys_init.o)
 .rodata        0x0080dbf0      0x281 c:/altera/13.0sp1/nios2eds/bin/gnu/h-i686-mingw32/bin/../lib/gcc/nios2-elf/4.1.2/../../../../nios2-elf/lib/mno-hw-mul\libc.a(lib_a-ctype_.o)
                0x0080dbf0                _ctype_
 *(.rodata1)
                0x0080de74                . = ALIGN (0x4)
 *fill*         0x0080de71        0x3 00
                0x0080de74                PROVIDE (__ram_rodata_end, ABSOLUTE (.))
                0x0080d860                PROVIDE (__flash_rodata_start, LOADADDR (.rodata))

.rwdata         0x0080de74     0x1b84 load address 0x0080f9f8
                0x0080de74                PROVIDE (__ram_rwdata_start, ABSOLUTE (.))
                0x0080de74                . = ALIGN (0x4)
 *(.got.plt)
 *(.got)
 *(.data1)
 *(.data .data.* .gnu.linkonce.d.*)
 .data          0x0080de74        0x0 ../final_project_1_bsp//obj/HAL/src/crt0.o
 .data          0x0080de74        0x0 obj/default/main.o
 .data          0x0080de74        0x0 c:/altera/13.0sp1/nios2eds/bin/gnu/h-i686-mingw32/bin/../lib/gcc/nios2-elf/4.1.2/../../../../nios2-elf/lib/mno-hw-mul\libc.a(lib_a-printf.o)
 .data          0x0080de74        0x0 c:/altera/13.0sp1/nios2eds/bin/gnu/h-i686-mingw32/bin/../lib/gcc/nios2-elf/4.1.2/../../../../nios2-elf/lib/mno-hw-mul\libc.a(lib_a-puts.o)
 .data          0x0080de74        0x0 c:/altera/13.0sp1/nios2eds/bin/gnu/h-i686-mingw32/bin/../lib/gcc/nios2-elf/4.1.2/../../../../nios2-elf/lib/mno-hw-mul\libc.a(lib_a-strlen.o)
 .data          0x0080de74        0x0 c:/altera/13.0sp1/nios2eds/bin/gnu/h-i686-mingw32/bin/../lib/gcc/nios2-elf/4.1.2/../../../../nios2-elf/lib/mno-hw-mul\libc.a(lib_a-vfprintf.o)
 .data          0x0080de74        0x0 c:/altera/13.0sp1/nios2eds/bin/gnu/h-i686-mingw32/bin/../lib/gcc/nios2-elf/4.1.2/../../../../nios2-elf/lib/mno-hw-mul\libc.a(lib_a-wsetup.o)
 .data          0x0080de74        0x0 c:/altera/13.0sp1/nios2eds/bin/gnu/h-i686-mingw32/bin/../lib/gcc/nios2-elf/4.1.2/../../../../nios2-elf/lib/mno-hw-mul\libc.a(lib_a-dtoa.o)
 .data          0x0080de74        0x0 c:/altera/13.0sp1/nios2eds/bin/gnu/h-i686-mingw32/bin/../lib/gcc/nios2-elf/4.1.2/../../../../nios2-elf/lib/mno-hw-mul\libc.a(lib_a-fflush.o)
 .data          0x0080de74        0x0 c:/altera/13.0sp1/nios2eds/bin/gnu/h-i686-mingw32/bin/../lib/gcc/nios2-elf/4.1.2/../../../../nios2-elf/lib/mno-hw-mul\libc.a(lib_a-findfp.o)
 .data          0x0080de74        0x0 c:/altera/13.0sp1/nios2eds/bin/gnu/h-i686-mingw32/bin/../lib/gcc/nios2-elf/4.1.2/../../../../nios2-elf/lib/mno-hw-mul\libc.a(lib_a-freer.o)
 .data          0x0080de74        0x0 c:/altera/13.0sp1/nios2eds/bin/gnu/h-i686-mingw32/bin/../lib/gcc/nios2-elf/4.1.2/../../../../nios2-elf/lib/mno-hw-mul\libc.a(lib_a-fvwrite.o)
 .data          0x0080de74        0x0 c:/altera/13.0sp1/nios2eds/bin/gnu/h-i686-mingw32/bin/../lib/gcc/nios2-elf/4.1.2/../../../../nios2-elf/lib/mno-hw-mul\libc.a(lib_a-fwalk.o)
 .data          0x0080de74      0x400 c:/altera/13.0sp1/nios2eds/bin/gnu/h-i686-mingw32/bin/../lib/gcc/nios2-elf/4.1.2/../../../../nios2-elf/lib/mno-hw-mul\libc.a(lib_a-impure.o)
 .data          0x0080e274        0xc c:/altera/13.0sp1/nios2eds/bin/gnu/h-i686-mingw32/bin/../lib/gcc/nios2-elf/4.1.2/../../../../nios2-elf/lib/mno-hw-mul\libc.a(lib_a-locale.o)
                0x0080e274                __lc_ctype
 .data          0x0080e280        0x0 c:/altera/13.0sp1/nios2eds/bin/gnu/h-i686-mingw32/bin/../lib/gcc/nios2-elf/4.1.2/../../../../nios2-elf/lib/mno-hw-mul\libc.a(lib_a-makebuf.o)
 .data          0x0080e280      0x408 c:/altera/13.0sp1/nios2eds/bin/gnu/h-i686-mingw32/bin/../lib/gcc/nios2-elf/4.1.2/../../../../nios2-elf/lib/mno-hw-mul\libc.a(lib_a-mallocr.o)
                0x0080e280                __malloc_av_
 .data          0x0080e688        0x0 c:/altera/13.0sp1/nios2eds/bin/gnu/h-i686-mingw32/bin/../lib/gcc/nios2-elf/4.1.2/../../../../nios2-elf/lib/mno-hw-mul\libc.a(lib_a-memchr.o)
 .data          0x0080e688        0x0 c:/altera/13.0sp1/nios2eds/bin/gnu/h-i686-mingw32/bin/../lib/gcc/nios2-elf/4.1.2/../../../../nios2-elf/lib/mno-hw-mul\libc.a(lib_a-memcpy.o)
 .data          0x0080e688        0x0 c:/altera/13.0sp1/nios2eds/bin/gnu/h-i686-mingw32/bin/../lib/gcc/nios2-elf/4.1.2/../../../../nios2-elf/lib/mno-hw-mul\libc.a(lib_a-memmove.o)
 .data          0x0080e688        0x0 c:/altera/13.0sp1/nios2eds/bin/gnu/h-i686-mingw32/bin/../lib/gcc/nios2-elf/4.1.2/../../../../nios2-elf/lib/mno-hw-mul\libc.a(lib_a-memset.o)
 .data          0x0080e688        0x0 c:/altera/13.0sp1/nios2eds/bin/gnu/h-i686-mingw32/bin/../lib/gcc/nios2-elf/4.1.2/../../../../nios2-elf/lib/mno-hw-mul\libc.a(lib_a-mprec.o)
 .data          0x0080e688        0x0 c:/altera/13.0sp1/nios2eds/bin/gnu/h-i686-mingw32/bin/../lib/gcc/nios2-elf/4.1.2/../../../../nios2-elf/lib/mno-hw-mul\libc.a(lib_a-reallocr.o)
 .data          0x0080e688        0x0 c:/altera/13.0sp1/nios2eds/bin/gnu/h-i686-mingw32/bin/../lib/gcc/nios2-elf/4.1.2/../../../../nios2-elf/lib/mno-hw-mul\libc.a(lib_a-s_isinfd.o)
 .data          0x0080e688        0x0 c:/altera/13.0sp1/nios2eds/bin/gnu/h-i686-mingw32/bin/../lib/gcc/nios2-elf/4.1.2/../../../../nios2-elf/lib/mno-hw-mul\libc.a(lib_a-s_isnand.o)
 .data          0x0080e688        0x0 c:/altera/13.0sp1/nios2eds/bin/gnu/h-i686-mingw32/bin/../lib/gcc/nios2-elf/4.1.2/../../../../nios2-elf/lib/mno-hw-mul\libc.a(lib_a-sbrkr.o)
 .data          0x0080e688        0x0 c:/altera/13.0sp1/nios2eds/bin/gnu/h-i686-mingw32/bin/../lib/gcc/nios2-elf/4.1.2/../../../../nios2-elf/lib/mno-hw-mul\libc.a(lib_a-stdio.o)
 .data          0x0080e688        0x0 c:/altera/13.0sp1/nios2eds/bin/gnu/h-i686-mingw32/bin/../lib/gcc/nios2-elf/4.1.2/../../../../nios2-elf/lib/mno-hw-mul\libc.a(lib_a-strcmp.o)
 .data          0x0080e688        0x0 c:/altera/13.0sp1/nios2eds/bin/gnu/h-i686-mingw32/bin/../lib/gcc/nios2-elf/4.1.2/../../../../nios2-elf/lib/mno-hw-mul\libc.a(lib_a-writer.o)
 .data          0x0080e688        0x0 c:/altera/13.0sp1/nios2eds/bin/gnu/h-i686-mingw32/bin/../lib/gcc/nios2-elf/4.1.2/../../../../nios2-elf/lib/mno-hw-mul\libc.a(lib_a-callocr.o)
 .data          0x0080e688        0x0 c:/altera/13.0sp1/nios2eds/bin/gnu/h-i686-mingw32/bin/../lib/gcc/nios2-elf/4.1.2/../../../../nios2-elf/lib/mno-hw-mul\libc.a(lib_a-closer.o)
 .data          0x0080e688        0x0 c:/altera/13.0sp1/nios2eds/bin/gnu/h-i686-mingw32/bin/../lib/gcc/nios2-elf/4.1.2/../../../../nios2-elf/lib/mno-hw-mul\libc.a(lib_a-fclose.o)
 .data          0x0080e688        0x0 c:/altera/13.0sp1/nios2eds/bin/gnu/h-i686-mingw32/bin/../lib/gcc/nios2-elf/4.1.2/../../../../nios2-elf/lib/mno-hw-mul\libc.a(lib_a-fstatr.o)
 .data          0x0080e688        0x0 c:/altera/13.0sp1/nios2eds/bin/gnu/h-i686-mingw32/bin/../lib/gcc/nios2-elf/4.1.2/../../../../nios2-elf/lib/mno-hw-mul\libc.a(lib_a-int_errno.o)
 .data          0x0080e688        0x0 c:/altera/13.0sp1/nios2eds/bin/gnu/h-i686-mingw32/bin/../lib/gcc/nios2-elf/4.1.2/../../../../nios2-elf/lib/mno-hw-mul\libc.a(lib_a-isattyr.o)
 .data          0x0080e688        0x0 c:/altera/13.0sp1/nios2eds/bin/gnu/h-i686-mingw32/bin/../lib/gcc/nios2-elf/4.1.2/../../../../nios2-elf/lib/mno-hw-mul\libc.a(lib_a-lseekr.o)
 .data          0x0080e688        0x0 c:/altera/13.0sp1/nios2eds/bin/gnu/h-i686-mingw32/bin/../lib/gcc/nios2-elf/4.1.2/../../../../nios2-elf/lib/mno-hw-mul\libc.a(lib_a-readr.o)
 .data          0x0080e688        0x0 c:/altera/13.0sp1/nios2eds/bin/gnu/h-i686-mingw32/bin/../lib/gcc/nios2-elf/4.1.2/mno-hw-mul\libgcc.a(_udivdi3.o)
 .data          0x0080e688        0x0 c:/altera/13.0sp1/nios2eds/bin/gnu/h-i686-mingw32/bin/../lib/gcc/nios2-elf/4.1.2/mno-hw-mul\libgcc.a(_umoddi3.o)
 .data          0x0080e688        0x0 c:/altera/13.0sp1/nios2eds/bin/gnu/h-i686-mingw32/bin/../lib/gcc/nios2-elf/4.1.2/mno-hw-mul\libgcc.a(_addsub_df.o)
 .data          0x0080e688        0x0 c:/altera/13.0sp1/nios2eds/bin/gnu/h-i686-mingw32/bin/../lib/gcc/nios2-elf/4.1.2/mno-hw-mul\libgcc.a(_mul_df.o)
 .data          0x0080e688        0x0 c:/altera/13.0sp1/nios2eds/bin/gnu/h-i686-mingw32/bin/../lib/gcc/nios2-elf/4.1.2/mno-hw-mul\libgcc.a(_div_df.o)
 .data          0x0080e688        0x0 c:/altera/13.0sp1/nios2eds/bin/gnu/h-i686-mingw32/bin/../lib/gcc/nios2-elf/4.1.2/mno-hw-mul\libgcc.a(_eq_df.o)
 .data          0x0080e688        0x0 c:/altera/13.0sp1/nios2eds/bin/gnu/h-i686-mingw32/bin/../lib/gcc/nios2-elf/4.1.2/mno-hw-mul\libgcc.a(_ne_df.o)
 .data          0x0080e688        0x0 c:/altera/13.0sp1/nios2eds/bin/gnu/h-i686-mingw32/bin/../lib/gcc/nios2-elf/4.1.2/mno-hw-mul\libgcc.a(_gt_df.o)
 .data          0x0080e688        0x0 c:/altera/13.0sp1/nios2eds/bin/gnu/h-i686-mingw32/bin/../lib/gcc/nios2-elf/4.1.2/mno-hw-mul\libgcc.a(_ge_df.o)
 .data          0x0080e688        0x0 c:/altera/13.0sp1/nios2eds/bin/gnu/h-i686-mingw32/bin/../lib/gcc/nios2-elf/4.1.2/mno-hw-mul\libgcc.a(_lt_df.o)
 .data          0x0080e688        0x0 c:/altera/13.0sp1/nios2eds/bin/gnu/h-i686-mingw32/bin/../lib/gcc/nios2-elf/4.1.2/mno-hw-mul\libgcc.a(_si_to_df.o)
 .data          0x0080e688        0x0 c:/altera/13.0sp1/nios2eds/bin/gnu/h-i686-mingw32/bin/../lib/gcc/nios2-elf/4.1.2/mno-hw-mul\libgcc.a(_df_to_si.o)
 .data          0x0080e688        0x0 c:/altera/13.0sp1/nios2eds/bin/gnu/h-i686-mingw32/bin/../lib/gcc/nios2-elf/4.1.2/mno-hw-mul\libgcc.a(_thenan_df.o)
 .data          0x0080e688        0x0 c:/altera/13.0sp1/nios2eds/bin/gnu/h-i686-mingw32/bin/../lib/gcc/nios2-elf/4.1.2/mno-hw-mul\libgcc.a(_usi_to_df.o)
 .data          0x0080e688        0x0 c:/altera/13.0sp1/nios2eds/bin/gnu/h-i686-mingw32/bin/../lib/gcc/nios2-elf/4.1.2/mno-hw-mul\libgcc.a(lib2-divmod.o)
 .data          0x0080e688        0x0 c:/altera/13.0sp1/nios2eds/bin/gnu/h-i686-mingw32/bin/../lib/gcc/nios2-elf/4.1.2/mno-hw-mul\libgcc.a(lib2-mul.o)
 .data          0x0080e688        0x0 c:/altera/13.0sp1/nios2eds/bin/gnu/h-i686-mingw32/bin/../lib/gcc/nios2-elf/4.1.2/mno-hw-mul\libgcc.a(_muldi3.o)
 .data          0x0080e688        0x0 c:/altera/13.0sp1/nios2eds/bin/gnu/h-i686-mingw32/bin/../lib/gcc/nios2-elf/4.1.2/mno-hw-mul\libgcc.a(_clz.o)
 .data          0x0080e688        0x0 c:/altera/13.0sp1/nios2eds/bin/gnu/h-i686-mingw32/bin/../lib/gcc/nios2-elf/4.1.2/mno-hw-mul\libgcc.a(_clzsi2.o)
 .data          0x0080e688        0x0 c:/altera/13.0sp1/nios2eds/bin/gnu/h-i686-mingw32/bin/../lib/gcc/nios2-elf/4.1.2/mno-hw-mul\libgcc.a(_pack_df.o)
 .data          0x0080e688        0x0 c:/altera/13.0sp1/nios2eds/bin/gnu/h-i686-mingw32/bin/../lib/gcc/nios2-elf/4.1.2/mno-hw-mul\libgcc.a(_unpack_df.o)
 .data          0x0080e688        0x0 c:/altera/13.0sp1/nios2eds/bin/gnu/h-i686-mingw32/bin/../lib/gcc/nios2-elf/4.1.2/mno-hw-mul\libgcc.a(_fpcmp_parts_df.o)
 .data          0x0080e688        0x0 ../final_project_1_bsp/\libhal_bsp.a(alt_close.o)
 .data          0x0080e688      0x1a8 ../final_project_1_bsp/\libhal_bsp.a(alt_dev.o)
                0x0080e688                alt_dev_null
                0x0080e6b0                alt_fd_list
 .data          0x0080e830        0x0 ../final_project_1_bsp/\libhal_bsp.a(alt_errno.o)
 .data          0x0080e830        0x0 ../final_project_1_bsp/\libhal_bsp.a(alt_fstat.o)
 .data          0x0080e830        0x0 ../final_project_1_bsp/\libhal_bsp.a(alt_isatty.o)
 .data          0x0080e830        0x0 ../final_project_1_bsp/\libhal_bsp.a(alt_load.o)
 .data          0x0080e830        0x0 ../final_project_1_bsp/\libhal_bsp.a(alt_lseek.o)
 .data          0x0080e830        0x0 ../final_project_1_bsp/\libhal_bsp.a(alt_main.o)
 .data          0x0080e830        0x0 ../final_project_1_bsp/\libhal_bsp.a(alt_malloc_lock.o)
 .data          0x0080e830        0x0 ../final_project_1_bsp/\libhal_bsp.a(alt_read.o)
 .data          0x0080e830        0x0 ../final_project_1_bsp/\libhal_bsp.a(alt_release_fd.o)
 .data          0x0080e830        0x0 ../final_project_1_bsp/\libhal_bsp.a(alt_sbrk.o)
 .data          0x0080e830        0x0 ../final_project_1_bsp/\libhal_bsp.a(alt_write.o)
 .data          0x0080e830     0x1180 ../final_project_1_bsp/\libhal_bsp.a(alt_sys_init.o)
 .data          0x0080f9b0        0x0 ../final_project_1_bsp/\libhal_bsp.a(altera_avalon_jtag_uart_fd.o)
 .data          0x0080f9b0        0x0 ../final_project_1_bsp/\libhal_bsp.a(altera_avalon_jtag_uart_init.o)
 .data          0x0080f9b0        0x0 ../final_project_1_bsp/\libhal_bsp.a(altera_avalon_jtag_uart_ioctl.o)
 .data          0x0080f9b0        0x0 ../final_project_1_bsp/\libhal_bsp.a(altera_avalon_jtag_uart_read.o)
 .data          0x0080f9b0        0x0 ../final_project_1_bsp/\libhal_bsp.a(altera_avalon_jtag_uart_write.o)
 .data          0x0080f9b0        0x0 ../final_project_1_bsp/\libhal_bsp.a(altera_avalon_lcd_16207.o)
 .data          0x0080f9b0        0x0 ../final_project_1_bsp/\libhal_bsp.a(altera_avalon_lcd_16207_fd.o)
 .data          0x0080f9b0        0x0 ../final_project_1_bsp/\libhal_bsp.a(altera_avalon_timer_sc.o)
 .data          0x0080f9b0        0x0 ../final_project_1_bsp/\libhal_bsp.a(alt_alarm_start.o)
 .data          0x0080f9b0        0x0 ../final_project_1_bsp/\libhal_bsp.a(alt_dcache_flush_all.o)
 .data          0x0080f9b0        0x0 ../final_project_1_bsp/\libhal_bsp.a(alt_dev_llist_insert.o)
 .data          0x0080f9b0        0x0 ../final_project_1_bsp/\libhal_bsp.a(alt_do_ctors.o)
 .data          0x0080f9b0        0x0 ../final_project_1_bsp/\libhal_bsp.a(alt_do_dtors.o)
 .data          0x0080f9b0        0x0 ../final_project_1_bsp/\libhal_bsp.a(alt_icache_flush_all.o)
 .data          0x0080f9b0        0x0 ../final_project_1_bsp/\libhal_bsp.a(alt_iic.o)
 .data          0x0080f9b0        0x0 ../final_project_1_bsp/\libhal_bsp.a(alt_iic_isr_register.o)
 .data          0x0080f9b0        0x0 ../final_project_1_bsp/\libhal_bsp.a(alt_io_redirect.o)
 .data          0x0080f9b0        0x0 ../final_project_1_bsp/\libhal_bsp.a(alt_irq_entry.o)
 .data          0x0080f9b0        0x0 ../final_project_1_bsp/\libhal_bsp.a(alt_irq_handler.o)
 .data          0x0080f9b0        0x0 ../final_project_1_bsp/\libhal_bsp.a(alt_irq_vars.o)
 .data          0x0080f9b0        0x0 ../final_project_1_bsp/\libhal_bsp.a(alt_open.o)
 .data          0x0080f9b0        0x0 ../final_project_1_bsp/\libhal_bsp.a(alt_tick.o)
 .data          0x0080f9b0        0x0 ../final_project_1_bsp/\libhal_bsp.a(alt_usleep.o)
 .data          0x0080f9b0        0x0 ../final_project_1_bsp/\libhal_bsp.a(altera_nios2_qsys_irq.o)
 .data          0x0080f9b0        0x0 ../final_project_1_bsp/\libhal_bsp.a(alt_busy_sleep.o)
 .data          0x0080f9b0        0x0 ../final_project_1_bsp/\libhal_bsp.a(alt_exception_entry.o)
 .data          0x0080f9b0        0x0 ../final_project_1_bsp/\libhal_bsp.a(alt_find_dev.o)
 .data          0x0080f9b0        0x0 ../final_project_1_bsp/\libhal_bsp.a(alt_find_file.o)
 .data          0x0080f9b0        0x0 ../final_project_1_bsp/\libhal_bsp.a(alt_get_fd.o)
 .data          0x0080f9b0        0x0 c:/altera/13.0sp1/nios2eds/bin/gnu/h-i686-mingw32/bin/../lib/gcc/nios2-elf/4.1.2/../../../../nios2-elf/lib/mno-hw-mul\libc.a(lib_a-atexit.o)
 .data          0x0080f9b0        0x0 c:/altera/13.0sp1/nios2eds/bin/gnu/h-i686-mingw32/bin/../lib/gcc/nios2-elf/4.1.2/../../../../nios2-elf/lib/mno-hw-mul\libc.a(lib_a-ctype_.o)
 .data          0x0080f9b0        0x0 c:/altera/13.0sp1/nios2eds/bin/gnu/h-i686-mingw32/bin/../lib/gcc/nios2-elf/4.1.2/../../../../nios2-elf/lib/mno-hw-mul\libc.a(lib_a-exit.o)
 .data          0x0080f9b0        0x0 c:/altera/13.0sp1/nios2eds/bin/gnu/h-i686-mingw32/bin/../lib/gcc/nios2-elf/4.1.2/../../../../nios2-elf/lib/mno-hw-mul\libc.a(lib_a-memcmp.o)
 .data          0x0080f9b0        0x0 c:/altera/13.0sp1/nios2eds/bin/gnu/h-i686-mingw32/bin/../lib/gcc/nios2-elf/4.1.2/../../../../nios2-elf/lib/mno-hw-mul\libc.a(lib_a-__atexit.o)
 .data          0x0080f9b0        0x0 c:/altera/13.0sp1/nios2eds/bin/gnu/h-i686-mingw32/bin/../lib/gcc/nios2-elf/4.1.2/../../../../nios2-elf/lib/mno-hw-mul\libc.a(lib_a-__call_atexit.o)
 .data          0x0080f9b0        0x0 ../final_project_1_bsp/\libhal_bsp.a(alt_exit.o)
                0x008179b0                _gp = ABSOLUTE ((. + 0x8000))
                0x008179b0                PROVIDE (gp, _gp)
 *(.rwdata .rwdata.*)
 *(.sdata .sdata.* .gnu.linkonce.s.*)
 .sdata         0x0080f9b0        0x8 c:/altera/13.0sp1/nios2eds/bin/gnu/h-i686-mingw32/bin/../lib/gcc/nios2-elf/4.1.2/../../../../nios2-elf/lib/mno-hw-mul\libc.a(lib_a-impure.o)
                0x0080f9b0                _impure_ptr
                0x0080f9b4                _global_impure_ptr
 .sdata         0x0080f9b8        0x8 c:/altera/13.0sp1/nios2eds/bin/gnu/h-i686-mingw32/bin/../lib/gcc/nios2-elf/4.1.2/../../../../nios2-elf/lib/mno-hw-mul\libc.a(lib_a-locale.o)
                0x0080f9b8                __mb_cur_max
 .sdata         0x0080f9c0        0x8 c:/altera/13.0sp1/nios2eds/bin/gnu/h-i686-mingw32/bin/../lib/gcc/nios2-elf/4.1.2/../../../../nios2-elf/lib/mno-hw-mul\libc.a(lib_a-mallocr.o)
                0x0080f9c0                __malloc_trim_threshold
                0x0080f9c4                __malloc_sbrk_base
 .sdata         0x0080f9c8       0x14 ../final_project_1_bsp/\libhal_bsp.a(alt_dev.o)
                0x0080f9c8                alt_fs_list
                0x0080f9d0                alt_dev_list
                0x0080f9d8                alt_max_fd
 .sdata         0x0080f9dc        0x4 ../final_project_1_bsp/\libhal_bsp.a(alt_errno.o)
                0x0080f9dc                alt_errno
 .sdata         0x0080f9e0        0x4 ../final_project_1_bsp/\libhal_bsp.a(alt_sbrk.o)
 .sdata         0x0080f9e4        0x4 ../final_project_1_bsp/\libhal_bsp.a(altera_avalon_lcd_16207.o)
 .sdata         0x0080f9e8        0x4 ../final_project_1_bsp/\libhal_bsp.a(alt_irq_vars.o)
                0x0080f9e8                alt_priority_mask
 .sdata         0x0080f9ec        0x8 ../final_project_1_bsp/\libhal_bsp.a(alt_tick.o)
                0x0080f9ec                alt_alarm_list
 .sdata         0x0080f9f4        0x4 c:/altera/13.0sp1/nios2eds/bin/gnu/h-i686-mingw32/bin/../lib/gcc/nios2-elf/4.1.2/../../../../nios2-elf/lib/mno-hw-mul\libc.a(lib_a-ctype_.o)
                0x0080f9f4                __ctype_ptr
 *(.sdata2 .sdata2.* .gnu.linkonce.s2.*)
                0x0080f9f8                . = ALIGN (0x4)
                0x0080f9f8                _edata = ABSOLUTE (.)
                0x0080f9f8                PROVIDE (edata, ABSOLUTE (.))
                0x0080f9f8                PROVIDE (__ram_rwdata_end, ABSOLUTE (.))
                0x0080f9f8                PROVIDE (__flash_rwdata_start, LOADADDR (.rwdata))

.bss            0x0081157c      0x2ec
                0x0081157c                __bss_start = ABSOLUTE (.)
                0x0081157c                PROVIDE (__sbss_start, ABSOLUTE (.))
                0x0081157c                PROVIDE (___sbss_start, ABSOLUTE (.))
 *(.dynsbss)
 *(.sbss .sbss.* .gnu.linkonce.sb.*)
 .sbss          0x0081157c        0xc c:/altera/13.0sp1/nios2eds/bin/gnu/h-i686-mingw32/bin/../lib/gcc/nios2-elf/4.1.2/../../../../nios2-elf/lib/mno-hw-mul\libc.a(lib_a-locale.o)
                0x0081157c                __nlocale_changed
                0x00811580                __mlocale_changed
                0x00811584                _PathLocale
 .sbss          0x00811588        0xc c:/altera/13.0sp1/nios2eds/bin/gnu/h-i686-mingw32/bin/../lib/gcc/nios2-elf/4.1.2/../../../../nios2-elf/lib/mno-hw-mul\libc.a(lib_a-mallocr.o)
                0x00811588                __malloc_top_pad
                0x0081158c                __malloc_max_sbrked_mem
                0x00811590                __malloc_max_total_mem
 .sbss          0x00811594        0x4 c:/altera/13.0sp1/nios2eds/bin/gnu/h-i686-mingw32/bin/../lib/gcc/nios2-elf/4.1.2/../../../../nios2-elf/lib/mno-hw-mul\libc.a(lib_a-int_errno.o)
                0x00811594                errno
 .sbss          0x00811598        0xc ../final_project_1_bsp/\libhal_bsp.a(alt_main.o)
                0x00811598                alt_argc
                0x0081159c                alt_argv
                0x008115a0                alt_envp
 .sbss          0x008115a4        0x4 ../final_project_1_bsp/\libhal_bsp.a(alt_irq_vars.o)
                0x008115a4                alt_irq_active
 .sbss          0x008115a8        0x8 ../final_project_1_bsp/\libhal_bsp.a(alt_tick.o)
                0x008115a8                _alt_tick_rate
                0x008115ac                _alt_nticks
 *(.sbss2 .sbss2.* .gnu.linkonce.sb2.*)
 *(.scommon)
                0x008115b0                PROVIDE (__sbss_end, ABSOLUTE (.))
                0x008115b0                PROVIDE (___sbss_end, ABSOLUTE (.))
 *(.dynbss)
 *(.bss .bss.* .gnu.linkonce.b.*)
 .bss           0x008115b0        0x0 ../final_project_1_bsp//obj/HAL/src/crt0.o
 .bss           0x008115b0        0x0 obj/default/main.o
 .bss           0x008115b0        0x0 c:/altera/13.0sp1/nios2eds/bin/gnu/h-i686-mingw32/bin/../lib/gcc/nios2-elf/4.1.2/../../../../nios2-elf/lib/mno-hw-mul\libc.a(lib_a-printf.o)
 .bss           0x008115b0        0x0 c:/altera/13.0sp1/nios2eds/bin/gnu/h-i686-mingw32/bin/../lib/gcc/nios2-elf/4.1.2/../../../../nios2-elf/lib/mno-hw-mul\libc.a(lib_a-puts.o)
 .bss           0x008115b0        0x0 c:/altera/13.0sp1/nios2eds/bin/gnu/h-i686-mingw32/bin/../lib/gcc/nios2-elf/4.1.2/../../../../nios2-elf/lib/mno-hw-mul\libc.a(lib_a-strlen.o)
 .bss           0x008115b0        0x0 c:/altera/13.0sp1/nios2eds/bin/gnu/h-i686-mingw32/bin/../lib/gcc/nios2-elf/4.1.2/../../../../nios2-elf/lib/mno-hw-mul\libc.a(lib_a-vfprintf.o)
 .bss           0x008115b0        0x0 c:/altera/13.0sp1/nios2eds/bin/gnu/h-i686-mingw32/bin/../lib/gcc/nios2-elf/4.1.2/../../../../nios2-elf/lib/mno-hw-mul\libc.a(lib_a-wsetup.o)
 .bss           0x008115b0        0x0 c:/altera/13.0sp1/nios2eds/bin/gnu/h-i686-mingw32/bin/../lib/gcc/nios2-elf/4.1.2/../../../../nios2-elf/lib/mno-hw-mul\libc.a(lib_a-dtoa.o)
 .bss           0x008115b0        0x0 c:/altera/13.0sp1/nios2eds/bin/gnu/h-i686-mingw32/bin/../lib/gcc/nios2-elf/4.1.2/../../../../nios2-elf/lib/mno-hw-mul\libc.a(lib_a-fflush.o)
 .bss           0x008115b0        0x0 c:/altera/13.0sp1/nios2eds/bin/gnu/h-i686-mingw32/bin/../lib/gcc/nios2-elf/4.1.2/../../../../nios2-elf/lib/mno-hw-mul\libc.a(lib_a-findfp.o)
 .bss           0x008115b0        0x0 c:/altera/13.0sp1/nios2eds/bin/gnu/h-i686-mingw32/bin/../lib/gcc/nios2-elf/4.1.2/../../../../nios2-elf/lib/mno-hw-mul\libc.a(lib_a-freer.o)
 .bss           0x008115b0        0x0 c:/altera/13.0sp1/nios2eds/bin/gnu/h-i686-mingw32/bin/../lib/gcc/nios2-elf/4.1.2/../../../../nios2-elf/lib/mno-hw-mul\libc.a(lib_a-fvwrite.o)
 .bss           0x008115b0        0x0 c:/altera/13.0sp1/nios2eds/bin/gnu/h-i686-mingw32/bin/../lib/gcc/nios2-elf/4.1.2/../../../../nios2-elf/lib/mno-hw-mul\libc.a(lib_a-fwalk.o)
 .bss           0x008115b0        0x0 c:/altera/13.0sp1/nios2eds/bin/gnu/h-i686-mingw32/bin/../lib/gcc/nios2-elf/4.1.2/../../../../nios2-elf/lib/mno-hw-mul\libc.a(lib_a-impure.o)
 .bss           0x008115b0        0x0 c:/altera/13.0sp1/nios2eds/bin/gnu/h-i686-mingw32/bin/../lib/gcc/nios2-elf/4.1.2/../../../../nios2-elf/lib/mno-hw-mul\libc.a(lib_a-locale.o)
 .bss           0x008115b0        0x0 c:/altera/13.0sp1/nios2eds/bin/gnu/h-i686-mingw32/bin/../lib/gcc/nios2-elf/4.1.2/../../../../nios2-elf/lib/mno-hw-mul\libc.a(lib_a-makebuf.o)
 .bss           0x008115b0       0x28 c:/altera/13.0sp1/nios2eds/bin/gnu/h-i686-mingw32/bin/../lib/gcc/nios2-elf/4.1.2/../../../../nios2-elf/lib/mno-hw-mul\libc.a(lib_a-mallocr.o)
                0x008115b0                __malloc_current_mallinfo
 .bss           0x008115d8        0x0 c:/altera/13.0sp1/nios2eds/bin/gnu/h-i686-mingw32/bin/../lib/gcc/nios2-elf/4.1.2/../../../../nios2-elf/lib/mno-hw-mul\libc.a(lib_a-memchr.o)
 .bss           0x008115d8        0x0 c:/altera/13.0sp1/nios2eds/bin/gnu/h-i686-mingw32/bin/../lib/gcc/nios2-elf/4.1.2/../../../../nios2-elf/lib/mno-hw-mul\libc.a(lib_a-memcpy.o)
 .bss           0x008115d8        0x0 c:/altera/13.0sp1/nios2eds/bin/gnu/h-i686-mingw32/bin/../lib/gcc/nios2-elf/4.1.2/../../../../nios2-elf/lib/mno-hw-mul\libc.a(lib_a-memmove.o)
 .bss           0x008115d8        0x0 c:/altera/13.0sp1/nios2eds/bin/gnu/h-i686-mingw32/bin/../lib/gcc/nios2-elf/4.1.2/../../../../nios2-elf/lib/mno-hw-mul\libc.a(lib_a-memset.o)
 .bss           0x008115d8        0x0 c:/altera/13.0sp1/nios2eds/bin/gnu/h-i686-mingw32/bin/../lib/gcc/nios2-elf/4.1.2/../../../../nios2-elf/lib/mno-hw-mul\libc.a(lib_a-mprec.o)
 .bss           0x008115d8        0x0 c:/altera/13.0sp1/nios2eds/bin/gnu/h-i686-mingw32/bin/../lib/gcc/nios2-elf/4.1.2/../../../../nios2-elf/lib/mno-hw-mul\libc.a(lib_a-reallocr.o)
 .bss           0x008115d8        0x0 c:/altera/13.0sp1/nios2eds/bin/gnu/h-i686-mingw32/bin/../lib/gcc/nios2-elf/4.1.2/../../../../nios2-elf/lib/mno-hw-mul\libc.a(lib_a-s_isinfd.o)
 .bss           0x008115d8        0x0 c:/altera/13.0sp1/nios2eds/bin/gnu/h-i686-mingw32/bin/../lib/gcc/nios2-elf/4.1.2/../../../../nios2-elf/lib/mno-hw-mul\libc.a(lib_a-s_isnand.o)
 .bss           0x008115d8        0x0 c:/altera/13.0sp1/nios2eds/bin/gnu/h-i686-mingw32/bin/../lib/gcc/nios2-elf/4.1.2/../../../../nios2-elf/lib/mno-hw-mul\libc.a(lib_a-sbrkr.o)
 .bss           0x008115d8        0x0 c:/altera/13.0sp1/nios2eds/bin/gnu/h-i686-mingw32/bin/../lib/gcc/nios2-elf/4.1.2/../../../../nios2-elf/lib/mno-hw-mul\libc.a(lib_a-stdio.o)
 .bss           0x008115d8        0x0 c:/altera/13.0sp1/nios2eds/bin/gnu/h-i686-mingw32/bin/../lib/gcc/nios2-elf/4.1.2/../../../../nios2-elf/lib/mno-hw-mul\libc.a(lib_a-strcmp.o)
 .bss           0x008115d8        0x0 c:/altera/13.0sp1/nios2eds/bin/gnu/h-i686-mingw32/bin/../lib/gcc/nios2-elf/4.1.2/../../../../nios2-elf/lib/mno-hw-mul\libc.a(lib_a-writer.o)
 .bss           0x008115d8        0x0 c:/altera/13.0sp1/nios2eds/bin/gnu/h-i686-mingw32/bin/../lib/gcc/nios2-elf/4.1.2/../../../../nios2-elf/lib/mno-hw-mul\libc.a(lib_a-callocr.o)
 .bss           0x008115d8        0x0 c:/altera/13.0sp1/nios2eds/bin/gnu/h-i686-mingw32/bin/../lib/gcc/nios2-elf/4.1.2/../../../../nios2-elf/lib/mno-hw-mul\libc.a(lib_a-closer.o)
 .bss           0x008115d8        0x0 c:/altera/13.0sp1/nios2eds/bin/gnu/h-i686-mingw32/bin/../lib/gcc/nios2-elf/4.1.2/../../../../nios2-elf/lib/mno-hw-mul\libc.a(lib_a-fclose.o)
 .bss           0x008115d8        0x0 c:/altera/13.0sp1/nios2eds/bin/gnu/h-i686-mingw32/bin/../lib/gcc/nios2-elf/4.1.2/../../../../nios2-elf/lib/mno-hw-mul\libc.a(lib_a-fstatr.o)
 .bss           0x008115d8        0x0 c:/altera/13.0sp1/nios2eds/bin/gnu/h-i686-mingw32/bin/../lib/gcc/nios2-elf/4.1.2/../../../../nios2-elf/lib/mno-hw-mul\libc.a(lib_a-int_errno.o)
 .bss           0x008115d8        0x0 c:/altera/13.0sp1/nios2eds/bin/gnu/h-i686-mingw32/bin/../lib/gcc/nios2-elf/4.1.2/../../../../nios2-elf/lib/mno-hw-mul\libc.a(lib_a-isattyr.o)
 .bss           0x008115d8        0x0 c:/altera/13.0sp1/nios2eds/bin/gnu/h-i686-mingw32/bin/../lib/gcc/nios2-elf/4.1.2/../../../../nios2-elf/lib/mno-hw-mul\libc.a(lib_a-lseekr.o)
 .bss           0x008115d8        0x0 c:/altera/13.0sp1/nios2eds/bin/gnu/h-i686-mingw32/bin/../lib/gcc/nios2-elf/4.1.2/../../../../nios2-elf/lib/mno-hw-mul\libc.a(lib_a-readr.o)
 .bss           0x008115d8        0x0 c:/altera/13.0sp1/nios2eds/bin/gnu/h-i686-mingw32/bin/../lib/gcc/nios2-elf/4.1.2/mno-hw-mul\libgcc.a(_udivdi3.o)
 .bss           0x008115d8        0x0 c:/altera/13.0sp1/nios2eds/bin/gnu/h-i686-mingw32/bin/../lib/gcc/nios2-elf/4.1.2/mno-hw-mul\libgcc.a(_umoddi3.o)
 .bss           0x008115d8        0x0 c:/altera/13.0sp1/nios2eds/bin/gnu/h-i686-mingw32/bin/../lib/gcc/nios2-elf/4.1.2/mno-hw-mul\libgcc.a(_addsub_df.o)
 .bss           0x008115d8        0x0 c:/altera/13.0sp1/nios2eds/bin/gnu/h-i686-mingw32/bin/../lib/gcc/nios2-elf/4.1.2/mno-hw-mul\libgcc.a(_mul_df.o)
 .bss           0x008115d8        0x0 c:/altera/13.0sp1/nios2eds/bin/gnu/h-i686-mingw32/bin/../lib/gcc/nios2-elf/4.1.2/mno-hw-mul\libgcc.a(_div_df.o)
 .bss           0x008115d8        0x0 c:/altera/13.0sp1/nios2eds/bin/gnu/h-i686-mingw32/bin/../lib/gcc/nios2-elf/4.1.2/mno-hw-mul\libgcc.a(_eq_df.o)
 .bss           0x008115d8        0x0 c:/altera/13.0sp1/nios2eds/bin/gnu/h-i686-mingw32/bin/../lib/gcc/nios2-elf/4.1.2/mno-hw-mul\libgcc.a(_ne_df.o)
 .bss           0x008115d8        0x0 c:/altera/13.0sp1/nios2eds/bin/gnu/h-i686-mingw32/bin/../lib/gcc/nios2-elf/4.1.2/mno-hw-mul\libgcc.a(_gt_df.o)
 .bss           0x008115d8        0x0 c:/altera/13.0sp1/nios2eds/bin/gnu/h-i686-mingw32/bin/../lib/gcc/nios2-elf/4.1.2/mno-hw-mul\libgcc.a(_ge_df.o)
 .bss           0x008115d8        0x0 c:/altera/13.0sp1/nios2eds/bin/gnu/h-i686-mingw32/bin/../lib/gcc/nios2-elf/4.1.2/mno-hw-mul\libgcc.a(_lt_df.o)
 .bss           0x008115d8        0x0 c:/altera/13.0sp1/nios2eds/bin/gnu/h-i686-mingw32/bin/../lib/gcc/nios2-elf/4.1.2/mno-hw-mul\libgcc.a(_si_to_df.o)
 .bss           0x008115d8        0x0 c:/altera/13.0sp1/nios2eds/bin/gnu/h-i686-mingw32/bin/../lib/gcc/nios2-elf/4.1.2/mno-hw-mul\libgcc.a(_df_to_si.o)
 .bss           0x008115d8        0x0 c:/altera/13.0sp1/nios2eds/bin/gnu/h-i686-mingw32/bin/../lib/gcc/nios2-elf/4.1.2/mno-hw-mul\libgcc.a(_thenan_df.o)
 .bss           0x008115d8        0x0 c:/altera/13.0sp1/nios2eds/bin/gnu/h-i686-mingw32/bin/../lib/gcc/nios2-elf/4.1.2/mno-hw-mul\libgcc.a(_usi_to_df.o)
 .bss           0x008115d8        0x0 c:/altera/13.0sp1/nios2eds/bin/gnu/h-i686-mingw32/bin/../lib/gcc/nios2-elf/4.1.2/mno-hw-mul\libgcc.a(lib2-divmod.o)
 .bss           0x008115d8        0x0 c:/altera/13.0sp1/nios2eds/bin/gnu/h-i686-mingw32/bin/../lib/gcc/nios2-elf/4.1.2/mno-hw-mul\libgcc.a(lib2-mul.o)
 .bss           0x008115d8        0x0 c:/altera/13.0sp1/nios2eds/bin/gnu/h-i686-mingw32/bin/../lib/gcc/nios2-elf/4.1.2/mno-hw-mul\libgcc.a(_muldi3.o)
 .bss           0x008115d8        0x0 c:/altera/13.0sp1/nios2eds/bin/gnu/h-i686-mingw32/bin/../lib/gcc/nios2-elf/4.1.2/mno-hw-mul\libgcc.a(_clz.o)
 .bss           0x008115d8        0x0 c:/altera/13.0sp1/nios2eds/bin/gnu/h-i686-mingw32/bin/../lib/gcc/nios2-elf/4.1.2/mno-hw-mul\libgcc.a(_clzsi2.o)
 .bss           0x008115d8        0x0 c:/altera/13.0sp1/nios2eds/bin/gnu/h-i686-mingw32/bin/../lib/gcc/nios2-elf/4.1.2/mno-hw-mul\libgcc.a(_pack_df.o)
 .bss           0x008115d8        0x0 c:/altera/13.0sp1/nios2eds/bin/gnu/h-i686-mingw32/bin/../lib/gcc/nios2-elf/4.1.2/mno-hw-mul\libgcc.a(_unpack_df.o)
 .bss           0x008115d8        0x0 c:/altera/13.0sp1/nios2eds/bin/gnu/h-i686-mingw32/bin/../lib/gcc/nios2-elf/4.1.2/mno-hw-mul\libgcc.a(_fpcmp_parts_df.o)
 .bss           0x008115d8        0x0 ../final_project_1_bsp/\libhal_bsp.a(alt_close.o)
 .bss           0x008115d8        0x0 ../final_project_1_bsp/\libhal_bsp.a(alt_dev.o)
 .bss           0x008115d8        0x0 ../final_project_1_bsp/\libhal_bsp.a(alt_errno.o)
 .bss           0x008115d8        0x0 ../final_project_1_bsp/\libhal_bsp.a(alt_fstat.o)
 .bss           0x008115d8        0x0 ../final_project_1_bsp/\libhal_bsp.a(alt_isatty.o)
 .bss           0x008115d8        0x0 ../final_project_1_bsp/\libhal_bsp.a(alt_load.o)
 .bss           0x008115d8        0x0 ../final_project_1_bsp/\libhal_bsp.a(alt_lseek.o)
 .bss           0x008115d8        0x0 ../final_project_1_bsp/\libhal_bsp.a(alt_main.o)
 .bss           0x008115d8        0x0 ../final_project_1_bsp/\libhal_bsp.a(alt_malloc_lock.o)
 .bss           0x008115d8        0x0 ../final_project_1_bsp/\libhal_bsp.a(alt_read.o)
 .bss           0x008115d8        0x0 ../final_project_1_bsp/\libhal_bsp.a(alt_release_fd.o)
 .bss           0x008115d8        0x0 ../final_project_1_bsp/\libhal_bsp.a(alt_sbrk.o)
 .bss           0x008115d8        0x0 ../final_project_1_bsp/\libhal_bsp.a(alt_write.o)
 .bss           0x008115d8        0x0 ../final_project_1_bsp/\libhal_bsp.a(alt_sys_init.o)
 .bss           0x008115d8        0x0 ../final_project_1_bsp/\libhal_bsp.a(altera_avalon_jtag_uart_fd.o)
 .bss           0x008115d8        0x0 ../final_project_1_bsp/\libhal_bsp.a(altera_avalon_jtag_uart_init.o)
 .bss           0x008115d8        0x0 ../final_project_1_bsp/\libhal_bsp.a(altera_avalon_jtag_uart_ioctl.o)
 .bss           0x008115d8        0x0 ../final_project_1_bsp/\libhal_bsp.a(altera_avalon_jtag_uart_read.o)
 .bss           0x008115d8        0x0 ../final_project_1_bsp/\libhal_bsp.a(altera_avalon_jtag_uart_write.o)
 .bss           0x008115d8        0x0 ../final_project_1_bsp/\libhal_bsp.a(altera_avalon_lcd_16207.o)
 .bss           0x008115d8        0x0 ../final_project_1_bsp/\libhal_bsp.a(altera_avalon_lcd_16207_fd.o)
 .bss           0x008115d8        0x0 ../final_project_1_bsp/\libhal_bsp.a(altera_avalon_timer_sc.o)
 .bss           0x008115d8        0x0 ../final_project_1_bsp/\libhal_bsp.a(alt_alarm_start.o)
 .bss           0x008115d8        0x0 ../final_project_1_bsp/\libhal_bsp.a(alt_dcache_flush_all.o)
 .bss           0x008115d8        0x0 ../final_project_1_bsp/\libhal_bsp.a(alt_dev_llist_insert.o)
 .bss           0x008115d8        0x0 ../final_project_1_bsp/\libhal_bsp.a(alt_do_ctors.o)
 .bss           0x008115d8        0x0 ../final_project_1_bsp/\libhal_bsp.a(alt_do_dtors.o)
 .bss           0x008115d8        0x0 ../final_project_1_bsp/\libhal_bsp.a(alt_icache_flush_all.o)
 .bss           0x008115d8        0x0 ../final_project_1_bsp/\libhal_bsp.a(alt_iic.o)
 .bss           0x008115d8        0x0 ../final_project_1_bsp/\libhal_bsp.a(alt_iic_isr_register.o)
 .bss           0x008115d8        0x0 ../final_project_1_bsp/\libhal_bsp.a(alt_io_redirect.o)
 .bss           0x008115d8        0x0 ../final_project_1_bsp/\libhal_bsp.a(alt_irq_entry.o)
 .bss           0x008115d8        0x0 ../final_project_1_bsp/\libhal_bsp.a(alt_irq_handler.o)
 .bss           0x008115d8        0x0 ../final_project_1_bsp/\libhal_bsp.a(alt_irq_vars.o)
 .bss           0x008115d8        0x0 ../final_project_1_bsp/\libhal_bsp.a(alt_open.o)
 .bss           0x008115d8        0x0 ../final_project_1_bsp/\libhal_bsp.a(alt_tick.o)
 .bss           0x008115d8        0x0 ../final_project_1_bsp/\libhal_bsp.a(alt_usleep.o)
 .bss           0x008115d8        0x0 ../final_project_1_bsp/\libhal_bsp.a(altera_nios2_qsys_irq.o)
 .bss           0x008115d8        0x0 ../final_project_1_bsp/\libhal_bsp.a(alt_busy_sleep.o)
 .bss           0x008115d8        0x0 ../final_project_1_bsp/\libhal_bsp.a(alt_exception_entry.o)
 .bss           0x008115d8        0x0 ../final_project_1_bsp/\libhal_bsp.a(alt_find_dev.o)
 .bss           0x008115d8        0x0 ../final_project_1_bsp/\libhal_bsp.a(alt_find_file.o)
 .bss           0x008115d8        0x0 ../final_project_1_bsp/\libhal_bsp.a(alt_get_fd.o)
 .bss           0x008115d8        0x0 c:/altera/13.0sp1/nios2eds/bin/gnu/h-i686-mingw32/bin/../lib/gcc/nios2-elf/4.1.2/../../../../nios2-elf/lib/mno-hw-mul\libc.a(lib_a-atexit.o)
 .bss           0x008115d8        0x0 c:/altera/13.0sp1/nios2eds/bin/gnu/h-i686-mingw32/bin/../lib/gcc/nios2-elf/4.1.2/../../../../nios2-elf/lib/mno-hw-mul\libc.a(lib_a-ctype_.o)
 .bss           0x008115d8        0x0 c:/altera/13.0sp1/nios2eds/bin/gnu/h-i686-mingw32/bin/../lib/gcc/nios2-elf/4.1.2/../../../../nios2-elf/lib/mno-hw-mul\libc.a(lib_a-exit.o)
 .bss           0x008115d8        0x0 c:/altera/13.0sp1/nios2eds/bin/gnu/h-i686-mingw32/bin/../lib/gcc/nios2-elf/4.1.2/../../../../nios2-elf/lib/mno-hw-mul\libc.a(lib_a-memcmp.o)
 .bss           0x008115d8        0x0 c:/altera/13.0sp1/nios2eds/bin/gnu/h-i686-mingw32/bin/../lib/gcc/nios2-elf/4.1.2/../../../../nios2-elf/lib/mno-hw-mul\libc.a(lib_a-__atexit.o)
 .bss           0x008115d8        0x0 c:/altera/13.0sp1/nios2eds/bin/gnu/h-i686-mingw32/bin/../lib/gcc/nios2-elf/4.1.2/../../../../nios2-elf/lib/mno-hw-mul\libc.a(lib_a-__call_atexit.o)
 .bss           0x008115d8        0x0 ../final_project_1_bsp/\libhal_bsp.a(alt_exit.o)
 *(COMMON)
 COMMON         0x008115d8      0x100 ../final_project_1_bsp/\libhal_bsp.a(alt_irq_handler.o)
                0x008115d8                alt_irq
 COMMON         0x008116d8      0x190 c:/altera/13.0sp1/nios2eds/bin/gnu/h-i686-mingw32/bin/../lib/gcc/nios2-elf/4.1.2/../../../../nios2-elf/lib/mno-hw-mul\libc.a(lib_a-atexit.o)
                0x008116d8                _atexit0
                0x00811868                . = ALIGN (0x4)
                0x00811868                __bss_end = ABSOLUTE (.)

.sdram_controller_0
                0x00811868        0x0
                0x00811868                PROVIDE (_alt_partition_sdram_controller_0_start, ABSOLUTE (.))
 *(.sdram_controller_0. sdram_controller_0.*)
                0x00811868                . = ALIGN (0x4)
                0x00811868                PROVIDE (_alt_partition_sdram_controller_0_end, ABSOLUTE (.))
                0x00811868                _end = ABSOLUTE (.)
                0x00811868                end = ABSOLUTE (.)
                0x00811868                __alt_stack_base = ABSOLUTE (.)
                0x00811868                PROVIDE (_alt_partition_sdram_controller_0_load_addr, LOADADDR (.sdram_controller_0))

.stab
 *(.stab)

.stabstr
 *(.stabstr)

.stab.excl
 *(.stab.excl)

.stab.exclstr
 *(.stab.exclstr)

.stab.index
 *(.stab.index)

.stab.indexstr
 *(.stab.indexstr)

.comment        0x00000000       0x26
 *(.comment)
 .comment       0x00000000       0x26 obj/default/main.o
                                 0x27 (size before relaxing)
 .comment       0x00000000       0x27 c:/altera/13.0sp1/nios2eds/bin/gnu/h-i686-mingw32/bin/../lib/gcc/nios2-elf/4.1.2/../../../../nios2-elf/lib/mno-hw-mul\libc.a(lib_a-printf.o)
 .comment       0x00000000       0x27 c:/altera/13.0sp1/nios2eds/bin/gnu/h-i686-mingw32/bin/../lib/gcc/nios2-elf/4.1.2/../../../../nios2-elf/lib/mno-hw-mul\libc.a(lib_a-puts.o)
 .comment       0x00000000       0x27 c:/altera/13.0sp1/nios2eds/bin/gnu/h-i686-mingw32/bin/../lib/gcc/nios2-elf/4.1.2/../../../../nios2-elf/lib/mno-hw-mul\libc.a(lib_a-strlen.o)
 .comment       0x00000000       0x27 c:/altera/13.0sp1/nios2eds/bin/gnu/h-i686-mingw32/bin/../lib/gcc/nios2-elf/4.1.2/../../../../nios2-elf/lib/mno-hw-mul\libc.a(lib_a-vfprintf.o)
 .comment       0x00000000       0x27 c:/altera/13.0sp1/nios2eds/bin/gnu/h-i686-mingw32/bin/../lib/gcc/nios2-elf/4.1.2/../../../../nios2-elf/lib/mno-hw-mul\libc.a(lib_a-wsetup.o)
 .comment       0x00000000       0x27 c:/altera/13.0sp1/nios2eds/bin/gnu/h-i686-mingw32/bin/../lib/gcc/nios2-elf/4.1.2/../../../../nios2-elf/lib/mno-hw-mul\libc.a(lib_a-dtoa.o)
 .comment       0x00000000       0x27 c:/altera/13.0sp1/nios2eds/bin/gnu/h-i686-mingw32/bin/../lib/gcc/nios2-elf/4.1.2/../../../../nios2-elf/lib/mno-hw-mul\libc.a(lib_a-fflush.o)
 .comment       0x00000000       0x27 c:/altera/13.0sp1/nios2eds/bin/gnu/h-i686-mingw32/bin/../lib/gcc/nios2-elf/4.1.2/../../../../nios2-elf/lib/mno-hw-mul\libc.a(lib_a-findfp.o)
 .comment       0x00000000       0x27 c:/altera/13.0sp1/nios2eds/bin/gnu/h-i686-mingw32/bin/../lib/gcc/nios2-elf/4.1.2/../../../../nios2-elf/lib/mno-hw-mul\libc.a(lib_a-freer.o)
 .comment       0x00000000       0x27 c:/altera/13.0sp1/nios2eds/bin/gnu/h-i686-mingw32/bin/../lib/gcc/nios2-elf/4.1.2/../../../../nios2-elf/lib/mno-hw-mul\libc.a(lib_a-fvwrite.o)
 .comment       0x00000000       0x27 c:/altera/13.0sp1/nios2eds/bin/gnu/h-i686-mingw32/bin/../lib/gcc/nios2-elf/4.1.2/../../../../nios2-elf/lib/mno-hw-mul\libc.a(lib_a-fwalk.o)
 .comment       0x00000000       0x27 c:/altera/13.0sp1/nios2eds/bin/gnu/h-i686-mingw32/bin/../lib/gcc/nios2-elf/4.1.2/../../../../nios2-elf/lib/mno-hw-mul\libc.a(lib_a-impure.o)
 .comment       0x00000000       0x27 c:/altera/13.0sp1/nios2eds/bin/gnu/h-i686-mingw32/bin/../lib/gcc/nios2-elf/4.1.2/../../../../nios2-elf/lib/mno-hw-mul\libc.a(lib_a-locale.o)
 .comment       0x00000000       0x27 c:/altera/13.0sp1/nios2eds/bin/gnu/h-i686-mingw32/bin/../lib/gcc/nios2-elf/4.1.2/../../../../nios2-elf/lib/mno-hw-mul\libc.a(lib_a-makebuf.o)
 .comment       0x00000000       0x27 c:/altera/13.0sp1/nios2eds/bin/gnu/h-i686-mingw32/bin/../lib/gcc/nios2-elf/4.1.2/../../../../nios2-elf/lib/mno-hw-mul\libc.a(lib_a-mallocr.o)
 .comment       0x00000000       0x27 c:/altera/13.0sp1/nios2eds/bin/gnu/h-i686-mingw32/bin/../lib/gcc/nios2-elf/4.1.2/../../../../nios2-elf/lib/mno-hw-mul\libc.a(lib_a-memchr.o)
 .comment       0x00000000       0x27 c:/altera/13.0sp1/nios2eds/bin/gnu/h-i686-mingw32/bin/../lib/gcc/nios2-elf/4.1.2/../../../../nios2-elf/lib/mno-hw-mul\libc.a(lib_a-memcpy.o)
 .comment       0x00000000       0x27 c:/altera/13.0sp1/nios2eds/bin/gnu/h-i686-mingw32/bin/../lib/gcc/nios2-elf/4.1.2/../../../../nios2-elf/lib/mno-hw-mul\libc.a(lib_a-memmove.o)
 .comment       0x00000000       0x27 c:/altera/13.0sp1/nios2eds/bin/gnu/h-i686-mingw32/bin/../lib/gcc/nios2-elf/4.1.2/../../../../nios2-elf/lib/mno-hw-mul\libc.a(lib_a-memset.o)
 .comment       0x00000000       0x27 c:/altera/13.0sp1/nios2eds/bin/gnu/h-i686-mingw32/bin/../lib/gcc/nios2-elf/4.1.2/../../../../nios2-elf/lib/mno-hw-mul\libc.a(lib_a-mprec.o)
 .comment       0x00000000       0x27 c:/altera/13.0sp1/nios2eds/bin/gnu/h-i686-mingw32/bin/../lib/gcc/nios2-elf/4.1.2/../../../../nios2-elf/lib/mno-hw-mul\libc.a(lib_a-reallocr.o)
 .comment       0x00000000       0x27 c:/altera/13.0sp1/nios2eds/bin/gnu/h-i686-mingw32/bin/../lib/gcc/nios2-elf/4.1.2/../../../../nios2-elf/lib/mno-hw-mul\libc.a(lib_a-s_isinfd.o)
 .comment       0x00000000       0x27 c:/altera/13.0sp1/nios2eds/bin/gnu/h-i686-mingw32/bin/../lib/gcc/nios2-elf/4.1.2/../../../../nios2-elf/lib/mno-hw-mul\libc.a(lib_a-s_isnand.o)
 .comment       0x00000000       0x27 c:/altera/13.0sp1/nios2eds/bin/gnu/h-i686-mingw32/bin/../lib/gcc/nios2-elf/4.1.2/../../../../nios2-elf/lib/mno-hw-mul\libc.a(lib_a-sbrkr.o)
 .comment       0x00000000       0x27 c:/altera/13.0sp1/nios2eds/bin/gnu/h-i686-mingw32/bin/../lib/gcc/nios2-elf/4.1.2/../../../../nios2-elf/lib/mno-hw-mul\libc.a(lib_a-stdio.o)
 .comment       0x00000000       0x27 c:/altera/13.0sp1/nios2eds/bin/gnu/h-i686-mingw32/bin/../lib/gcc/nios2-elf/4.1.2/../../../../nios2-elf/lib/mno-hw-mul\libc.a(lib_a-strcmp.o)
 .comment       0x00000000       0x27 c:/altera/13.0sp1/nios2eds/bin/gnu/h-i686-mingw32/bin/../lib/gcc/nios2-elf/4.1.2/../../../../nios2-elf/lib/mno-hw-mul\libc.a(lib_a-writer.o)
 .comment       0x00000000       0x27 c:/altera/13.0sp1/nios2eds/bin/gnu/h-i686-mingw32/bin/../lib/gcc/nios2-elf/4.1.2/../../../../nios2-elf/lib/mno-hw-mul\libc.a(lib_a-callocr.o)
 .comment       0x00000000       0x27 c:/altera/13.0sp1/nios2eds/bin/gnu/h-i686-mingw32/bin/../lib/gcc/nios2-elf/4.1.2/../../../../nios2-elf/lib/mno-hw-mul\libc.a(lib_a-closer.o)
 .comment       0x00000000       0x27 c:/altera/13.0sp1/nios2eds/bin/gnu/h-i686-mingw32/bin/../lib/gcc/nios2-elf/4.1.2/../../../../nios2-elf/lib/mno-hw-mul\libc.a(lib_a-fclose.o)
 .comment       0x00000000       0x27 c:/altera/13.0sp1/nios2eds/bin/gnu/h-i686-mingw32/bin/../lib/gcc/nios2-elf/4.1.2/../../../../nios2-elf/lib/mno-hw-mul\libc.a(lib_a-fstatr.o)
 .comment       0x00000000       0x27 c:/altera/13.0sp1/nios2eds/bin/gnu/h-i686-mingw32/bin/../lib/gcc/nios2-elf/4.1.2/../../../../nios2-elf/lib/mno-hw-mul\libc.a(lib_a-int_errno.o)
 .comment       0x00000000       0x27 c:/altera/13.0sp1/nios2eds/bin/gnu/h-i686-mingw32/bin/../lib/gcc/nios2-elf/4.1.2/../../../../nios2-elf/lib/mno-hw-mul\libc.a(lib_a-isattyr.o)
 .comment       0x00000000       0x27 c:/altera/13.0sp1/nios2eds/bin/gnu/h-i686-mingw32/bin/../lib/gcc/nios2-elf/4.1.2/../../../../nios2-elf/lib/mno-hw-mul\libc.a(lib_a-lseekr.o)
 .comment       0x00000000       0x27 c:/altera/13.0sp1/nios2eds/bin/gnu/h-i686-mingw32/bin/../lib/gcc/nios2-elf/4.1.2/../../../../nios2-elf/lib/mno-hw-mul\libc.a(lib_a-readr.o)
 .comment       0x00000000       0x27 c:/altera/13.0sp1/nios2eds/bin/gnu/h-i686-mingw32/bin/../lib/gcc/nios2-elf/4.1.2/mno-hw-mul\libgcc.a(_udivdi3.o)
 .comment       0x00000000       0x27 c:/altera/13.0sp1/nios2eds/bin/gnu/h-i686-mingw32/bin/../lib/gcc/nios2-elf/4.1.2/mno-hw-mul\libgcc.a(_umoddi3.o)
 .comment       0x00000000       0x27 c:/altera/13.0sp1/nios2eds/bin/gnu/h-i686-mingw32/bin/../lib/gcc/nios2-elf/4.1.2/mno-hw-mul\libgcc.a(_addsub_df.o)
 .comment       0x00000000       0x27 c:/altera/13.0sp1/nios2eds/bin/gnu/h-i686-mingw32/bin/../lib/gcc/nios2-elf/4.1.2/mno-hw-mul\libgcc.a(_mul_df.o)
 .comment       0x00000000       0x27 c:/altera/13.0sp1/nios2eds/bin/gnu/h-i686-mingw32/bin/../lib/gcc/nios2-elf/4.1.2/mno-hw-mul\libgcc.a(_div_df.o)
 .comment       0x00000000       0x27 c:/altera/13.0sp1/nios2eds/bin/gnu/h-i686-mingw32/bin/../lib/gcc/nios2-elf/4.1.2/mno-hw-mul\libgcc.a(_eq_df.o)
 .comment       0x00000000       0x27 c:/altera/13.0sp1/nios2eds/bin/gnu/h-i686-mingw32/bin/../lib/gcc/nios2-elf/4.1.2/mno-hw-mul\libgcc.a(_ne_df.o)
 .comment       0x00000000       0x27 c:/altera/13.0sp1/nios2eds/bin/gnu/h-i686-mingw32/bin/../lib/gcc/nios2-elf/4.1.2/mno-hw-mul\libgcc.a(_gt_df.o)
 .comment       0x00000000       0x27 c:/altera/13.0sp1/nios2eds/bin/gnu/h-i686-mingw32/bin/../lib/gcc/nios2-elf/4.1.2/mno-hw-mul\libgcc.a(_ge_df.o)
 .comment       0x00000000       0x27 c:/altera/13.0sp1/nios2eds/bin/gnu/h-i686-mingw32/bin/../lib/gcc/nios2-elf/4.1.2/mno-hw-mul\libgcc.a(_lt_df.o)
 .comment       0x00000000       0x27 c:/altera/13.0sp1/nios2eds/bin/gnu/h-i686-mingw32/bin/../lib/gcc/nios2-elf/4.1.2/mno-hw-mul\libgcc.a(_si_to_df.o)
 .comment       0x00000000       0x27 c:/altera/13.0sp1/nios2eds/bin/gnu/h-i686-mingw32/bin/../lib/gcc/nios2-elf/4.1.2/mno-hw-mul\libgcc.a(_df_to_si.o)
 .comment       0x00000000       0x27 c:/altera/13.0sp1/nios2eds/bin/gnu/h-i686-mingw32/bin/../lib/gcc/nios2-elf/4.1.2/mno-hw-mul\libgcc.a(_thenan_df.o)
 .comment       0x00000000       0x27 c:/altera/13.0sp1/nios2eds/bin/gnu/h-i686-mingw32/bin/../lib/gcc/nios2-elf/4.1.2/mno-hw-mul\libgcc.a(_usi_to_df.o)
 .comment       0x00000000       0x27 c:/altera/13.0sp1/nios2eds/bin/gnu/h-i686-mingw32/bin/../lib/gcc/nios2-elf/4.1.2/mno-hw-mul\libgcc.a(lib2-divmod.o)
 .comment       0x00000000       0x27 c:/altera/13.0sp1/nios2eds/bin/gnu/h-i686-mingw32/bin/../lib/gcc/nios2-elf/4.1.2/mno-hw-mul\libgcc.a(lib2-mul.o)
 .comment       0x00000000       0x27 c:/altera/13.0sp1/nios2eds/bin/gnu/h-i686-mingw32/bin/../lib/gcc/nios2-elf/4.1.2/mno-hw-mul\libgcc.a(_muldi3.o)
 .comment       0x00000000       0x27 c:/altera/13.0sp1/nios2eds/bin/gnu/h-i686-mingw32/bin/../lib/gcc/nios2-elf/4.1.2/mno-hw-mul\libgcc.a(_clz.o)
 .comment       0x00000000       0x27 c:/altera/13.0sp1/nios2eds/bin/gnu/h-i686-mingw32/bin/../lib/gcc/nios2-elf/4.1.2/mno-hw-mul\libgcc.a(_clzsi2.o)
 .comment       0x00000000       0x27 c:/altera/13.0sp1/nios2eds/bin/gnu/h-i686-mingw32/bin/../lib/gcc/nios2-elf/4.1.2/mno-hw-mul\libgcc.a(_pack_df.o)
 .comment       0x00000000       0x27 c:/altera/13.0sp1/nios2eds/bin/gnu/h-i686-mingw32/bin/../lib/gcc/nios2-elf/4.1.2/mno-hw-mul\libgcc.a(_unpack_df.o)
 .comment       0x00000000       0x27 c:/altera/13.0sp1/nios2eds/bin/gnu/h-i686-mingw32/bin/../lib/gcc/nios2-elf/4.1.2/mno-hw-mul\libgcc.a(_fpcmp_parts_df.o)
 .comment       0x00000000       0x27 ../final_project_1_bsp/\libhal_bsp.a(alt_close.o)
 .comment       0x00000000       0x27 ../final_project_1_bsp/\libhal_bsp.a(alt_dev.o)
 .comment       0x00000000       0x27 ../final_project_1_bsp/\libhal_bsp.a(alt_errno.o)
 .comment       0x00000000       0x27 ../final_project_1_bsp/\libhal_bsp.a(alt_fstat.o)
 .comment       0x00000000       0x27 ../final_project_1_bsp/\libhal_bsp.a(alt_isatty.o)
 .comment       0x00000000       0x27 ../final_project_1_bsp/\libhal_bsp.a(alt_load.o)
 .comment       0x00000000       0x27 ../final_project_1_bsp/\libhal_bsp.a(alt_lseek.o)
 .comment       0x00000000       0x27 ../final_project_1_bsp/\libhal_bsp.a(alt_main.o)
 .comment       0x00000000       0x27 ../final_project_1_bsp/\libhal_bsp.a(alt_malloc_lock.o)
 .comment       0x00000000       0x27 ../final_project_1_bsp/\libhal_bsp.a(alt_read.o)
 .comment       0x00000000       0x27 ../final_project_1_bsp/\libhal_bsp.a(alt_release_fd.o)
 .comment       0x00000000       0x27 ../final_project_1_bsp/\libhal_bsp.a(alt_sbrk.o)
 .comment       0x00000000       0x27 ../final_project_1_bsp/\libhal_bsp.a(alt_write.o)
 .comment       0x00000000       0x27 ../final_project_1_bsp/\libhal_bsp.a(alt_sys_init.o)
 .comment       0x00000000       0x27 ../final_project_1_bsp/\libhal_bsp.a(altera_avalon_jtag_uart_fd.o)
 .comment       0x00000000       0x27 ../final_project_1_bsp/\libhal_bsp.a(altera_avalon_jtag_uart_init.o)
 .comment       0x00000000       0x27 ../final_project_1_bsp/\libhal_bsp.a(altera_avalon_jtag_uart_ioctl.o)
 .comment       0x00000000       0x27 ../final_project_1_bsp/\libhal_bsp.a(altera_avalon_jtag_uart_read.o)
 .comment       0x00000000       0x27 ../final_project_1_bsp/\libhal_bsp.a(altera_avalon_jtag_uart_write.o)
 .comment       0x00000000       0x27 ../final_project_1_bsp/\libhal_bsp.a(altera_avalon_lcd_16207.o)
 .comment       0x00000000       0x27 ../final_project_1_bsp/\libhal_bsp.a(altera_avalon_lcd_16207_fd.o)
 .comment       0x00000000       0x27 ../final_project_1_bsp/\libhal_bsp.a(altera_avalon_timer_sc.o)
 .comment       0x00000000       0x27 ../final_project_1_bsp/\libhal_bsp.a(alt_alarm_start.o)
 .comment       0x00000000       0x27 ../final_project_1_bsp/\libhal_bsp.a(alt_dcache_flush_all.o)
 .comment       0x00000000       0x27 ../final_project_1_bsp/\libhal_bsp.a(alt_dev_llist_insert.o)
 .comment       0x00000000       0x27 ../final_project_1_bsp/\libhal_bsp.a(alt_do_ctors.o)
 .comment       0x00000000       0x27 ../final_project_1_bsp/\libhal_bsp.a(alt_do_dtors.o)
 .comment       0x00000000       0x27 ../final_project_1_bsp/\libhal_bsp.a(alt_icache_flush_all.o)
 .comment       0x00000000       0x27 ../final_project_1_bsp/\libhal_bsp.a(alt_iic.o)
 .comment       0x00000000       0x27 ../final_project_1_bsp/\libhal_bsp.a(alt_iic_isr_register.o)
 .comment       0x00000000       0x27 ../final_project_1_bsp/\libhal_bsp.a(alt_io_redirect.o)
 .comment       0x00000000       0x27 ../final_project_1_bsp/\libhal_bsp.a(alt_irq_handler.o)
 .comment       0x00000000       0x27 ../final_project_1_bsp/\libhal_bsp.a(alt_irq_vars.o)
 .comment       0x00000000       0x27 ../final_project_1_bsp/\libhal_bsp.a(alt_open.o)
 .comment       0x00000000       0x27 ../final_project_1_bsp/\libhal_bsp.a(alt_tick.o)
 .comment       0x00000000       0x27 ../final_project_1_bsp/\libhal_bsp.a(alt_usleep.o)
 .comment       0x00000000       0x27 ../final_project_1_bsp/\libhal_bsp.a(altera_nios2_qsys_irq.o)
 .comment       0x00000000       0x27 ../final_project_1_bsp/\libhal_bsp.a(alt_busy_sleep.o)
 .comment       0x00000000       0x27 ../final_project_1_bsp/\libhal_bsp.a(alt_find_dev.o)
 .comment       0x00000000       0x27 ../final_project_1_bsp/\libhal_bsp.a(alt_find_file.o)
 .comment       0x00000000       0x27 ../final_project_1_bsp/\libhal_bsp.a(alt_get_fd.o)
 .comment       0x00000000       0x27 c:/altera/13.0sp1/nios2eds/bin/gnu/h-i686-mingw32/bin/../lib/gcc/nios2-elf/4.1.2/../../../../nios2-elf/lib/mno-hw-mul\libc.a(lib_a-atexit.o)
 .comment       0x00000000       0x27 c:/altera/13.0sp1/nios2eds/bin/gnu/h-i686-mingw32/bin/../lib/gcc/nios2-elf/4.1.2/../../../../nios2-elf/lib/mno-hw-mul\libc.a(lib_a-ctype_.o)
 .comment       0x00000000       0x27 c:/altera/13.0sp1/nios2eds/bin/gnu/h-i686-mingw32/bin/../lib/gcc/nios2-elf/4.1.2/../../../../nios2-elf/lib/mno-hw-mul\libc.a(lib_a-exit.o)
 .comment       0x00000000       0x27 c:/altera/13.0sp1/nios2eds/bin/gnu/h-i686-mingw32/bin/../lib/gcc/nios2-elf/4.1.2/../../../../nios2-elf/lib/mno-hw-mul\libc.a(lib_a-memcmp.o)
 .comment       0x00000000       0x27 c:/altera/13.0sp1/nios2eds/bin/gnu/h-i686-mingw32/bin/../lib/gcc/nios2-elf/4.1.2/../../../../nios2-elf/lib/mno-hw-mul\libc.a(lib_a-__atexit.o)
 .comment       0x00000000       0x27 c:/altera/13.0sp1/nios2eds/bin/gnu/h-i686-mingw32/bin/../lib/gcc/nios2-elf/4.1.2/../../../../nios2-elf/lib/mno-hw-mul\libc.a(lib_a-__call_atexit.o)
 .comment       0x00000000       0x27 ../final_project_1_bsp/\libhal_bsp.a(alt_exit.o)

.debug
 *(.debug)

.line
 *(.line)

.debug_srcinfo
 *(.debug_srcinfo)

.debug_sfnames
 *(.debug_sfnames)

.debug_aranges  0x00000000      0xcf8
 *(.debug_aranges)
 .debug_aranges
                0x00000000       0x28 ../final_project_1_bsp//obj/HAL/src/crt0.o
 .debug_aranges
                0x00000028       0x20 obj/default/main.o
 .debug_aranges
                0x00000048       0x20 c:/altera/13.0sp1/nios2eds/bin/gnu/h-i686-mingw32/bin/../lib/gcc/nios2-elf/4.1.2/../../../../nios2-elf/lib/mno-hw-mul\libc.a(lib_a-printf.o)
 .debug_aranges
                0x00000068       0x20 c:/altera/13.0sp1/nios2eds/bin/gnu/h-i686-mingw32/bin/../lib/gcc/nios2-elf/4.1.2/../../../../nios2-elf/lib/mno-hw-mul\libc.a(lib_a-puts.o)
 .debug_aranges
                0x00000088       0x20 c:/altera/13.0sp1/nios2eds/bin/gnu/h-i686-mingw32/bin/../lib/gcc/nios2-elf/4.1.2/../../../../nios2-elf/lib/mno-hw-mul\libc.a(lib_a-strlen.o)
 .debug_aranges
                0x000000a8       0x20 c:/altera/13.0sp1/nios2eds/bin/gnu/h-i686-mingw32/bin/../lib/gcc/nios2-elf/4.1.2/../../../../nios2-elf/lib/mno-hw-mul\libc.a(lib_a-vfprintf.o)
 .debug_aranges
                0x000000c8       0x20 c:/altera/13.0sp1/nios2eds/bin/gnu/h-i686-mingw32/bin/../lib/gcc/nios2-elf/4.1.2/../../../../nios2-elf/lib/mno-hw-mul\libc.a(lib_a-wsetup.o)
 .debug_aranges
                0x000000e8       0x20 c:/altera/13.0sp1/nios2eds/bin/gnu/h-i686-mingw32/bin/../lib/gcc/nios2-elf/4.1.2/../../../../nios2-elf/lib/mno-hw-mul\libc.a(lib_a-dtoa.o)
 .debug_aranges
                0x00000108       0x20 c:/altera/13.0sp1/nios2eds/bin/gnu/h-i686-mingw32/bin/../lib/gcc/nios2-elf/4.1.2/../../../../nios2-elf/lib/mno-hw-mul\libc.a(lib_a-fflush.o)
 .debug_aranges
                0x00000128       0x20 c:/altera/13.0sp1/nios2eds/bin/gnu/h-i686-mingw32/bin/../lib/gcc/nios2-elf/4.1.2/../../../../nios2-elf/lib/mno-hw-mul\libc.a(lib_a-findfp.o)
 .debug_aranges
                0x00000148       0x20 c:/altera/13.0sp1/nios2eds/bin/gnu/h-i686-mingw32/bin/../lib/gcc/nios2-elf/4.1.2/../../../../nios2-elf/lib/mno-hw-mul\libc.a(lib_a-freer.o)
 .debug_aranges
                0x00000168       0x20 c:/altera/13.0sp1/nios2eds/bin/gnu/h-i686-mingw32/bin/../lib/gcc/nios2-elf/4.1.2/../../../../nios2-elf/lib/mno-hw-mul\libc.a(lib_a-fvwrite.o)
 .debug_aranges
                0x00000188       0x20 c:/altera/13.0sp1/nios2eds/bin/gnu/h-i686-mingw32/bin/../lib/gcc/nios2-elf/4.1.2/../../../../nios2-elf/lib/mno-hw-mul\libc.a(lib_a-fwalk.o)
 .debug_aranges
                0x000001a8       0x20 c:/altera/13.0sp1/nios2eds/bin/gnu/h-i686-mingw32/bin/../lib/gcc/nios2-elf/4.1.2/../../../../nios2-elf/lib/mno-hw-mul\libc.a(lib_a-locale.o)
 .debug_aranges
                0x000001c8       0x20 c:/altera/13.0sp1/nios2eds/bin/gnu/h-i686-mingw32/bin/../lib/gcc/nios2-elf/4.1.2/../../../../nios2-elf/lib/mno-hw-mul\libc.a(lib_a-makebuf.o)
 .debug_aranges
                0x000001e8       0x20 c:/altera/13.0sp1/nios2eds/bin/gnu/h-i686-mingw32/bin/../lib/gcc/nios2-elf/4.1.2/../../../../nios2-elf/lib/mno-hw-mul\libc.a(lib_a-mallocr.o)
 .debug_aranges
                0x00000208       0x20 c:/altera/13.0sp1/nios2eds/bin/gnu/h-i686-mingw32/bin/../lib/gcc/nios2-elf/4.1.2/../../../../nios2-elf/lib/mno-hw-mul\libc.a(lib_a-memchr.o)
 .debug_aranges
                0x00000228       0x20 c:/altera/13.0sp1/nios2eds/bin/gnu/h-i686-mingw32/bin/../lib/gcc/nios2-elf/4.1.2/../../../../nios2-elf/lib/mno-hw-mul\libc.a(lib_a-memcpy.o)
 .debug_aranges
                0x00000248       0x20 c:/altera/13.0sp1/nios2eds/bin/gnu/h-i686-mingw32/bin/../lib/gcc/nios2-elf/4.1.2/../../../../nios2-elf/lib/mno-hw-mul\libc.a(lib_a-memmove.o)
 .debug_aranges
                0x00000268       0x20 c:/altera/13.0sp1/nios2eds/bin/gnu/h-i686-mingw32/bin/../lib/gcc/nios2-elf/4.1.2/../../../../nios2-elf/lib/mno-hw-mul\libc.a(lib_a-memset.o)
 .debug_aranges
                0x00000288       0x20 c:/altera/13.0sp1/nios2eds/bin/gnu/h-i686-mingw32/bin/../lib/gcc/nios2-elf/4.1.2/../../../../nios2-elf/lib/mno-hw-mul\libc.a(lib_a-mprec.o)
 .debug_aranges
                0x000002a8       0x20 c:/altera/13.0sp1/nios2eds/bin/gnu/h-i686-mingw32/bin/../lib/gcc/nios2-elf/4.1.2/../../../../nios2-elf/lib/mno-hw-mul\libc.a(lib_a-reallocr.o)
 .debug_aranges
                0x000002c8       0x20 c:/altera/13.0sp1/nios2eds/bin/gnu/h-i686-mingw32/bin/../lib/gcc/nios2-elf/4.1.2/../../../../nios2-elf/lib/mno-hw-mul\libc.a(lib_a-s_isinfd.o)
 .debug_aranges
                0x000002e8       0x20 c:/altera/13.0sp1/nios2eds/bin/gnu/h-i686-mingw32/bin/../lib/gcc/nios2-elf/4.1.2/../../../../nios2-elf/lib/mno-hw-mul\libc.a(lib_a-s_isnand.o)
 .debug_aranges
                0x00000308       0x20 c:/altera/13.0sp1/nios2eds/bin/gnu/h-i686-mingw32/bin/../lib/gcc/nios2-elf/4.1.2/../../../../nios2-elf/lib/mno-hw-mul\libc.a(lib_a-sbrkr.o)
 .debug_aranges
                0x00000328       0x20 c:/altera/13.0sp1/nios2eds/bin/gnu/h-i686-mingw32/bin/../lib/gcc/nios2-elf/4.1.2/../../../../nios2-elf/lib/mno-hw-mul\libc.a(lib_a-stdio.o)
 .debug_aranges
                0x00000348       0x20 c:/altera/13.0sp1/nios2eds/bin/gnu/h-i686-mingw32/bin/../lib/gcc/nios2-elf/4.1.2/../../../../nios2-elf/lib/mno-hw-mul\libc.a(lib_a-strcmp.o)
 .debug_aranges
                0x00000368       0x20 c:/altera/13.0sp1/nios2eds/bin/gnu/h-i686-mingw32/bin/../lib/gcc/nios2-elf/4.1.2/../../../../nios2-elf/lib/mno-hw-mul\libc.a(lib_a-writer.o)
 .debug_aranges
                0x00000388       0x20 c:/altera/13.0sp1/nios2eds/bin/gnu/h-i686-mingw32/bin/../lib/gcc/nios2-elf/4.1.2/../../../../nios2-elf/lib/mno-hw-mul\libc.a(lib_a-callocr.o)
 .debug_aranges
                0x000003a8       0x20 c:/altera/13.0sp1/nios2eds/bin/gnu/h-i686-mingw32/bin/../lib/gcc/nios2-elf/4.1.2/../../../../nios2-elf/lib/mno-hw-mul\libc.a(lib_a-closer.o)
 .debug_aranges
                0x000003c8       0x20 c:/altera/13.0sp1/nios2eds/bin/gnu/h-i686-mingw32/bin/../lib/gcc/nios2-elf/4.1.2/../../../../nios2-elf/lib/mno-hw-mul\libc.a(lib_a-fclose.o)
 .debug_aranges
                0x000003e8       0x20 c:/altera/13.0sp1/nios2eds/bin/gnu/h-i686-mingw32/bin/../lib/gcc/nios2-elf/4.1.2/../../../../nios2-elf/lib/mno-hw-mul\libc.a(lib_a-fstatr.o)
 .debug_aranges
                0x00000408       0x20 c:/altera/13.0sp1/nios2eds/bin/gnu/h-i686-mingw32/bin/../lib/gcc/nios2-elf/4.1.2/../../../../nios2-elf/lib/mno-hw-mul\libc.a(lib_a-isattyr.o)
 .debug_aranges
                0x00000428       0x20 c:/altera/13.0sp1/nios2eds/bin/gnu/h-i686-mingw32/bin/../lib/gcc/nios2-elf/4.1.2/../../../../nios2-elf/lib/mno-hw-mul\libc.a(lib_a-lseekr.o)
 .debug_aranges
                0x00000448       0x20 c:/altera/13.0sp1/nios2eds/bin/gnu/h-i686-mingw32/bin/../lib/gcc/nios2-elf/4.1.2/../../../../nios2-elf/lib/mno-hw-mul\libc.a(lib_a-readr.o)
 .debug_aranges
                0x00000468       0x20 c:/altera/13.0sp1/nios2eds/bin/gnu/h-i686-mingw32/bin/../lib/gcc/nios2-elf/4.1.2/mno-hw-mul\libgcc.a(_udivdi3.o)
 .debug_aranges
                0x00000488       0x20 c:/altera/13.0sp1/nios2eds/bin/gnu/h-i686-mingw32/bin/../lib/gcc/nios2-elf/4.1.2/mno-hw-mul\libgcc.a(_umoddi3.o)
 .debug_aranges
                0x000004a8       0x20 c:/altera/13.0sp1/nios2eds/bin/gnu/h-i686-mingw32/bin/../lib/gcc/nios2-elf/4.1.2/mno-hw-mul\libgcc.a(_addsub_df.o)
 .debug_aranges
                0x000004c8       0x20 c:/altera/13.0sp1/nios2eds/bin/gnu/h-i686-mingw32/bin/../lib/gcc/nios2-elf/4.1.2/mno-hw-mul\libgcc.a(_mul_df.o)
 .debug_aranges
                0x000004e8       0x20 c:/altera/13.0sp1/nios2eds/bin/gnu/h-i686-mingw32/bin/../lib/gcc/nios2-elf/4.1.2/mno-hw-mul\libgcc.a(_div_df.o)
 .debug_aranges
                0x00000508       0x20 c:/altera/13.0sp1/nios2eds/bin/gnu/h-i686-mingw32/bin/../lib/gcc/nios2-elf/4.1.2/mno-hw-mul\libgcc.a(_eq_df.o)
 .debug_aranges
                0x00000528       0x20 c:/altera/13.0sp1/nios2eds/bin/gnu/h-i686-mingw32/bin/../lib/gcc/nios2-elf/4.1.2/mno-hw-mul\libgcc.a(_ne_df.o)
 .debug_aranges
                0x00000548       0x20 c:/altera/13.0sp1/nios2eds/bin/gnu/h-i686-mingw32/bin/../lib/gcc/nios2-elf/4.1.2/mno-hw-mul\libgcc.a(_gt_df.o)
 .debug_aranges
                0x00000568       0x20 c:/altera/13.0sp1/nios2eds/bin/gnu/h-i686-mingw32/bin/../lib/gcc/nios2-elf/4.1.2/mno-hw-mul\libgcc.a(_ge_df.o)
 .debug_aranges
                0x00000588       0x20 c:/altera/13.0sp1/nios2eds/bin/gnu/h-i686-mingw32/bin/../lib/gcc/nios2-elf/4.1.2/mno-hw-mul\libgcc.a(_lt_df.o)
 .debug_aranges
                0x000005a8       0x20 c:/altera/13.0sp1/nios2eds/bin/gnu/h-i686-mingw32/bin/../lib/gcc/nios2-elf/4.1.2/mno-hw-mul\libgcc.a(_si_to_df.o)
 .debug_aranges
                0x000005c8       0x20 c:/altera/13.0sp1/nios2eds/bin/gnu/h-i686-mingw32/bin/../lib/gcc/nios2-elf/4.1.2/mno-hw-mul\libgcc.a(_df_to_si.o)
 .debug_aranges
                0x000005e8       0x20 c:/altera/13.0sp1/nios2eds/bin/gnu/h-i686-mingw32/bin/../lib/gcc/nios2-elf/4.1.2/mno-hw-mul\libgcc.a(_usi_to_df.o)
 .debug_aranges
                0x00000608       0x20 c:/altera/13.0sp1/nios2eds/bin/gnu/h-i686-mingw32/bin/../lib/gcc/nios2-elf/4.1.2/mno-hw-mul\libgcc.a(lib2-divmod.o)
 .debug_aranges
                0x00000628       0x20 c:/altera/13.0sp1/nios2eds/bin/gnu/h-i686-mingw32/bin/../lib/gcc/nios2-elf/4.1.2/mno-hw-mul\libgcc.a(lib2-mul.o)
 .debug_aranges
                0x00000648       0x20 c:/altera/13.0sp1/nios2eds/bin/gnu/h-i686-mingw32/bin/../lib/gcc/nios2-elf/4.1.2/mno-hw-mul\libgcc.a(_muldi3.o)
 .debug_aranges
                0x00000668       0x20 c:/altera/13.0sp1/nios2eds/bin/gnu/h-i686-mingw32/bin/../lib/gcc/nios2-elf/4.1.2/mno-hw-mul\libgcc.a(_clzsi2.o)
 .debug_aranges
                0x00000688       0x20 c:/altera/13.0sp1/nios2eds/bin/gnu/h-i686-mingw32/bin/../lib/gcc/nios2-elf/4.1.2/mno-hw-mul\libgcc.a(_pack_df.o)
 .debug_aranges